---
source: polychem/src/atoms/element.rs
description: "Element::new(&DB, \"Po\")?.average_mass()"
expression: out
---
  × failed to fetch isotope abundances for average mass calculation
  ╰─▶   × no natural abundance data could be found for Polonium (Po), though
      the
        │ following isotopes were found: [209, 210]
      

