---
source: polychem/src/polymers/polymer_database.rs
description: modifications
expression: out
---
  × failed to validate polymer database file
  ├─▶   × polymer database file contained an invalid chemical composition
  │   
  ├─▶   × expected a chemical formula (optionally followed by a '+' or '-'
  │   and a
  │     │ particle offset), or a standalone particle offset
  │      ╭────
  │    1 │ C2H-3O
  │      ·      ▲
  │      ·      ╰── expected lowercase
  │      ╰────
  │   
  ├─▶   × expected a particle (like p or e), optionally preceded by a number
  │   
  ├─▶   × expected a particle symbol
  │   
  ╰─▶   × expected a lowercase ASCII letter
      
   ╭─[test:4:12]
 3 │     lost "H"
 4 │     gained "C2H-3O"
   ·            ────┬───
   ·                ╰── invalid chemical composition
 5 │ }
   ╰────

