---
source: polychem/src/polymers/polymer_chemistry.rs
expression: chemistry
---
PolymerChemistry(
  bonds: {
    "Crosslink": BondDescription(
      from: Target(
        group: "Carboxyl",
        location: Some("C-Terminal"),
        residue: None,
      ),
      to: Target(
        group: "Amino",
        location: None,
        residue: None,
      ),
      lost: ChemicalComposition(
        chemical_formula: [
          (Element(
            symbol: "H",
            name: "Hydrogen",
            mass_number: None,
            isotopes: {
              1: Isotope(
                relative_mass: "1.00782503223",
                abundance: Some("0.999885"),
              ),
              2: Isotope(
                relative_mass: "2.01410177812",
                abundance: Some("0.000115"),
              ),
              3: Isotope(
                relative_mass: "3.0160492779",
                abundance: None,
              ),
            },
          ), 2),
          (Element(
            symbol: "O",
            name: "Oxygen",
            mass_number: None,
            isotopes: {
              16: Isotope(
                relative_mass: "15.99491461957",
                abundance: Some("0.99757"),
              ),
              17: Isotope(
                relative_mass: "16.99913175650",
                abundance: Some("0.00038"),
              ),
              18: Isotope(
                relative_mass: "17.99915961286",
                abundance: Some("0.00205"),
              ),
            },
          ), 1),
        ],
        particle_offset: None,
      ),
    ),
    "Glycosidic": BondDescription(
      from: Target(
        group: "Hydroxyl",
        location: Some("Reducing End"),
        residue: None,
      ),
      to: Target(
        group: "Hydroxyl",
        location: Some("Nonreducing End"),
        residue: None,
      ),
      lost: ChemicalComposition(
        chemical_formula: [
          (Element(
            symbol: "H",
            name: "Hydrogen",
            mass_number: None,
            isotopes: {
              1: Isotope(
                relative_mass: "1.00782503223",
                abundance: Some("0.999885"),
              ),
              2: Isotope(
                relative_mass: "2.01410177812",
                abundance: Some("0.000115"),
              ),
              3: Isotope(
                relative_mass: "3.0160492779",
                abundance: None,
              ),
            },
          ), 2),
          (Element(
            symbol: "O",
            name: "Oxygen",
            mass_number: None,
            isotopes: {
              16: Isotope(
                relative_mass: "15.99491461957",
                abundance: Some("0.99757"),
              ),
              17: Isotope(
                relative_mass: "16.99913175650",
                abundance: Some("0.00038"),
              ),
              18: Isotope(
                relative_mass: "17.99915961286",
                abundance: Some("0.00205"),
              ),
            },
          ), 1),
        ],
        particle_offset: None,
      ),
    ),
    "Peptide": BondDescription(
      from: Target(
        group: "Carboxyl",
        location: Some("C-Terminal"),
        residue: None,
      ),
      to: Target(
        group: "Amino",
        location: Some("N-Terminal"),
        residue: None,
      ),
      lost: ChemicalComposition(
        chemical_formula: [
          (Element(
            symbol: "H",
            name: "Hydrogen",
            mass_number: None,
            isotopes: {
              1: Isotope(
                relative_mass: "1.00782503223",
                abundance: Some("0.999885"),
              ),
              2: Isotope(
                relative_mass: "2.01410177812",
                abundance: Some("0.000115"),
              ),
              3: Isotope(
                relative_mass: "3.0160492779",
                abundance: None,
              ),
            },
          ), 2),
          (Element(
            symbol: "O",
            name: "Oxygen",
            mass_number: None,
            isotopes: {
              16: Isotope(
                relative_mass: "15.99491461957",
                abundance: Some("0.99757"),
              ),
              17: Isotope(
                relative_mass: "16.99913175650",
                abundance: Some("0.00038"),
              ),
              18: Isotope(
                relative_mass: "17.99915961286",
                abundance: Some("0.00205"),
              ),
            },
          ), 1),
        ],
        particle_offset: None,
      ),
    ),
    "Stem": BondDescription(
      from: Target(
        group: "Carboxyl",
        location: Some("Lactyl Ether"),
        residue: Some("N-Acetylmuramic Acid"),
      ),
      to: Target(
        group: "Amino",
        location: Some("N-Terminal"),
        residue: None,
      ),
      lost: ChemicalComposition(
        chemical_formula: [
          (Element(
            symbol: "H",
            name: "Hydrogen",
            mass_number: None,
            isotopes: {
              1: Isotope(
                relative_mass: "1.00782503223",
                abundance: Some("0.999885"),
              ),
              2: Isotope(
                relative_mass: "2.01410177812",
                abundance: Some("0.000115"),
              ),
              3: Isotope(
                relative_mass: "3.0160492779",
                abundance: None,
              ),
            },
          ), 2),
          (Element(
            symbol: "O",
            name: "Oxygen",
            mass_number: None,
            isotopes: {
              16: Isotope(
                relative_mass: "15.99491461957",
                abundance: Some("0.99757"),
              ),
              17: Isotope(
                relative_mass: "16.99913175650",
                abundance: Some("0.00038"),
              ),
              18: Isotope(
                relative_mass: "17.99915961286",
                abundance: Some("0.00205"),
              ),
            },
          ), 1),
        ],
        particle_offset: None,
      ),
    ),
  },
  modifications: {
    "Ac": ModificationDescription(
      name: "O-Acetylation",
      lost: ChemicalComposition(
        chemical_formula: [
          (Element(
            symbol: "H",
            name: "Hydrogen",
            mass_number: None,
            isotopes: {
              1: Isotope(
                relative_mass: "1.00782503223",
                abundance: Some("0.999885"),
              ),
              2: Isotope(
                relative_mass: "2.01410177812",
                abundance: Some("0.000115"),
              ),
              3: Isotope(
                relative_mass: "3.0160492779",
                abundance: None,
              ),
            },
          ), 1),
        ],
        particle_offset: None,
      ),
      gained: ChemicalComposition(
        chemical_formula: [
          (Element(
            symbol: "C",
            name: "Carbon",
            mass_number: None,
            isotopes: {
              12: Isotope(
                relative_mass: "12.0000000",
                abundance: Some("0.9893"),
              ),
              13: Isotope(
                relative_mass: "13.00335483507",
                abundance: Some("0.0107"),
              ),
              14: Isotope(
                relative_mass: "14.0032419884",
                abundance: None,
              ),
            },
          ), 2),
          (Element(
            symbol: "H",
            name: "Hydrogen",
            mass_number: None,
            isotopes: {
              1: Isotope(
                relative_mass: "1.00782503223",
                abundance: Some("0.999885"),
              ),
              2: Isotope(
                relative_mass: "2.01410177812",
                abundance: Some("0.000115"),
              ),
              3: Isotope(
                relative_mass: "3.0160492779",
                abundance: None,
              ),
            },
          ), 3),
          (Element(
            symbol: "O",
            name: "Oxygen",
            mass_number: None,
            isotopes: {
              16: Isotope(
                relative_mass: "15.99491461957",
                abundance: Some("0.99757"),
              ),
              17: Isotope(
                relative_mass: "16.99913175650",
                abundance: Some("0.00038"),
              ),
              18: Isotope(
                relative_mass: "17.99915961286",
                abundance: Some("0.00205"),
              ),
            },
          ), 1),
        ],
        particle_offset: None,
      ),
      targets: [
        Target(
          group: "Hydroxyl",
          location: Some("6-Position"),
          residue: None,
        ),
      ],
    ),
    "Am": ModificationDescription(
      name: "Amidation",
      lost: ChemicalComposition(
        chemical_formula: [
          (Element(
            symbol: "O",
            name: "Oxygen",
            mass_number: None,
            isotopes: {
              16: Isotope(
                relative_mass: "15.99491461957",
                abundance: Some("0.99757"),
              ),
              17: Isotope(
                relative_mass: "16.99913175650",
                abundance: Some("0.00038"),
              ),
              18: Isotope(
                relative_mass: "17.99915961286",
                abundance: Some("0.00205"),
              ),
            },
          ), 1),
          (Element(
            symbol: "H",
            name: "Hydrogen",
            mass_number: None,
            isotopes: {
              1: Isotope(
                relative_mass: "1.00782503223",
                abundance: Some("0.999885"),
              ),
              2: Isotope(
                relative_mass: "2.01410177812",
                abundance: Some("0.000115"),
              ),
              3: Isotope(
                relative_mass: "3.0160492779",
                abundance: None,
              ),
            },
          ), 1),
        ],
        particle_offset: None,
      ),
      gained: ChemicalComposition(
        chemical_formula: [
          (Element(
            symbol: "N",
            name: "Nitrogen",
            mass_number: None,
            isotopes: {
              14: Isotope(
                relative_mass: "14.00307400443",
                abundance: Some("0.99636"),
              ),
              15: Isotope(
                relative_mass: "15.00010889888",
                abundance: Some("0.00364"),
              ),
            },
          ), 1),
          (Element(
            symbol: "H",
            name: "Hydrogen",
            mass_number: None,
            isotopes: {
              1: Isotope(
                relative_mass: "1.00782503223",
                abundance: Some("0.999885"),
              ),
              2: Isotope(
                relative_mass: "2.01410177812",
                abundance: Some("0.000115"),
              ),
              3: Isotope(
                relative_mass: "3.0160492779",
                abundance: None,
              ),
            },
          ), 2),
        ],
        particle_offset: None,
      ),
      targets: [
        Target(
          group: "Carboxyl",
          location: Some("Sidechain"),
          residue: None,
        ),
      ],
    ),
    "Anh": ModificationDescription(
      name: "1,6-Anhydro",
      lost: ChemicalComposition(
        chemical_formula: [
          (Element(
            symbol: "H",
            name: "Hydrogen",
            mass_number: None,
            isotopes: {
              1: Isotope(
                relative_mass: "1.00782503223",
                abundance: Some("0.999885"),
              ),
              2: Isotope(
                relative_mass: "2.01410177812",
                abundance: Some("0.000115"),
              ),
              3: Isotope(
                relative_mass: "3.0160492779",
                abundance: None,
              ),
            },
          ), 2),
          (Element(
            symbol: "O",
            name: "Oxygen",
            mass_number: None,
            isotopes: {
              16: Isotope(
                relative_mass: "15.99491461957",
                abundance: Some("0.99757"),
              ),
              17: Isotope(
                relative_mass: "16.99913175650",
                abundance: Some("0.00038"),
              ),
              18: Isotope(
                relative_mass: "17.99915961286",
                abundance: Some("0.00205"),
              ),
            },
          ), 1),
        ],
        particle_offset: None,
      ),
      gained: ChemicalComposition(
        chemical_formula: [],
        particle_offset: None,
      ),
      targets: [
        Target(
          group: "Hydroxyl",
          location: Some("Reducing End"),
          residue: Some("N-Acetylmuramic Acid"),
        ),
      ],
    ),
    "DeAc": ModificationDescription(
      name: "De-N-Acetylation",
      lost: ChemicalComposition(
        chemical_formula: [
          (Element(
            symbol: "C",
            name: "Carbon",
            mass_number: None,
            isotopes: {
              12: Isotope(
                relative_mass: "12.0000000",
                abundance: Some("0.9893"),
              ),
              13: Isotope(
                relative_mass: "13.00335483507",
                abundance: Some("0.0107"),
              ),
              14: Isotope(
                relative_mass: "14.0032419884",
                abundance: None,
              ),
            },
          ), 2),
          (Element(
            symbol: "H",
            name: "Hydrogen",
            mass_number: None,
            isotopes: {
              1: Isotope(
                relative_mass: "1.00782503223",
                abundance: Some("0.999885"),
              ),
              2: Isotope(
                relative_mass: "2.01410177812",
                abundance: Some("0.000115"),
              ),
              3: Isotope(
                relative_mass: "3.0160492779",
                abundance: None,
              ),
            },
          ), 3),
          (Element(
            symbol: "O",
            name: "Oxygen",
            mass_number: None,
            isotopes: {
              16: Isotope(
                relative_mass: "15.99491461957",
                abundance: Some("0.99757"),
              ),
              17: Isotope(
                relative_mass: "16.99913175650",
                abundance: Some("0.00038"),
              ),
              18: Isotope(
                relative_mass: "17.99915961286",
                abundance: Some("0.00205"),
              ),
            },
          ), 1),
        ],
        particle_offset: None,
      ),
      gained: ChemicalComposition(
        chemical_formula: [
          (Element(
            symbol: "H",
            name: "Hydrogen",
            mass_number: None,
            isotopes: {
              1: Isotope(
                relative_mass: "1.00782503223",
                abundance: Some("0.999885"),
              ),
              2: Isotope(
                relative_mass: "2.01410177812",
                abundance: Some("0.000115"),
              ),
              3: Isotope(
                relative_mass: "3.0160492779",
                abundance: None,
              ),
            },
          ), 1),
        ],
        particle_offset: None,
      ),
      targets: [
        Target(
          group: "Acetyl",
          location: Some("Secondary Amide"),
          residue: None,
        ),
      ],
    ),
    "Poly": ModificationDescription(
      name: "Wall Polymer Linkage",
      lost: ChemicalComposition(
        chemical_formula: [
          (Element(
            symbol: "H",
            name: "Hydrogen",
            mass_number: None,
            isotopes: {
              1: Isotope(
                relative_mass: "1.00782503223",
                abundance: Some("0.999885"),
              ),
              2: Isotope(
                relative_mass: "2.01410177812",
                abundance: Some("0.000115"),
              ),
              3: Isotope(
                relative_mass: "3.0160492779",
                abundance: None,
              ),
            },
          ), 1),
        ],
        particle_offset: None,
      ),
      gained: ChemicalComposition(
        chemical_formula: [
          (Element(
            symbol: "P",
            name: "Phosphorus",
            mass_number: None,
            isotopes: {
              31: Isotope(
                relative_mass: "30.97376199842",
                abundance: Some("1"),
              ),
            },
          ), 1),
          (Element(
            symbol: "O",
            name: "Oxygen",
            mass_number: None,
            isotopes: {
              16: Isotope(
                relative_mass: "15.99491461957",
                abundance: Some("0.99757"),
              ),
              17: Isotope(
                relative_mass: "16.99913175650",
                abundance: Some("0.00038"),
              ),
              18: Isotope(
                relative_mass: "17.99915961286",
                abundance: Some("0.00205"),
              ),
            },
          ), 3),
        ],
        particle_offset: None,
      ),
      targets: [
        Target(
          group: "Hydroxyl",
          location: Some("6-Position"),
          residue: None,
        ),
      ],
    ),
    "Red": ModificationDescription(
      name: "Reduced",
      lost: ChemicalComposition(
        chemical_formula: [],
        particle_offset: None,
      ),
      gained: ChemicalComposition(
        chemical_formula: [
          (Element(
            symbol: "H",
            name: "Hydrogen",
            mass_number: None,
            isotopes: {
              1: Isotope(
                relative_mass: "1.00782503223",
                abundance: Some("0.999885"),
              ),
              2: Isotope(
                relative_mass: "2.01410177812",
                abundance: Some("0.000115"),
              ),
              3: Isotope(
                relative_mass: "3.0160492779",
                abundance: None,
              ),
            },
          ), 2),
        ],
        particle_offset: None,
      ),
      targets: [
        Target(
          group: "Hydroxyl",
          location: Some("Reducing End"),
          residue: None,
        ),
      ],
    ),
  },
  residues: {
    "A": ResidueDescription(
      name: "Alanine",
      composition: ChemicalComposition(
        chemical_formula: [
          (Element(
            symbol: "C",
            name: "Carbon",
            mass_number: None,
            isotopes: {
              12: Isotope(
                relative_mass: "12.0000000",
                abundance: Some("0.9893"),
              ),
              13: Isotope(
                relative_mass: "13.00335483507",
                abundance: Some("0.0107"),
              ),
              14: Isotope(
                relative_mass: "14.0032419884",
                abundance: None,
              ),
            },
          ), 3),
          (Element(
            symbol: "H",
            name: "Hydrogen",
            mass_number: None,
            isotopes: {
              1: Isotope(
                relative_mass: "1.00782503223",
                abundance: Some("0.999885"),
              ),
              2: Isotope(
                relative_mass: "2.01410177812",
                abundance: Some("0.000115"),
              ),
              3: Isotope(
                relative_mass: "3.0160492779",
                abundance: None,
              ),
            },
          ), 7),
          (Element(
            symbol: "N",
            name: "Nitrogen",
            mass_number: None,
            isotopes: {
              14: Isotope(
                relative_mass: "14.00307400443",
                abundance: Some("0.99636"),
              ),
              15: Isotope(
                relative_mass: "15.00010889888",
                abundance: Some("0.00364"),
              ),
            },
          ), 1),
          (Element(
            symbol: "O",
            name: "Oxygen",
            mass_number: None,
            isotopes: {
              16: Isotope(
                relative_mass: "15.99491461957",
                abundance: Some("0.99757"),
              ),
              17: Isotope(
                relative_mass: "16.99913175650",
                abundance: Some("0.00038"),
              ),
              18: Isotope(
                relative_mass: "17.99915961286",
                abundance: Some("0.00205"),
              ),
            },
          ), 2),
        ],
        particle_offset: None,
      ),
      functional_groups: [
        FunctionalGroup(
          name: "Amino",
          location: "N-Terminal",
        ),
        FunctionalGroup(
          name: "Carboxyl",
          location: "C-Terminal",
        ),
      ],
    ),
    "B": ResidueDescription(
      name: "Diaminobutyric Acid",
      composition: ChemicalComposition(
        chemical_formula: [
          (Element(
            symbol: "C",
            name: "Carbon",
            mass_number: None,
            isotopes: {
              12: Isotope(
                relative_mass: "12.0000000",
                abundance: Some("0.9893"),
              ),
              13: Isotope(
                relative_mass: "13.00335483507",
                abundance: Some("0.0107"),
              ),
              14: Isotope(
                relative_mass: "14.0032419884",
                abundance: None,
              ),
            },
          ), 4),
          (Element(
            symbol: "H",
            name: "Hydrogen",
            mass_number: None,
            isotopes: {
              1: Isotope(
                relative_mass: "1.00782503223",
                abundance: Some("0.999885"),
              ),
              2: Isotope(
                relative_mass: "2.01410177812",
                abundance: Some("0.000115"),
              ),
              3: Isotope(
                relative_mass: "3.0160492779",
                abundance: None,
              ),
            },
          ), 10),
          (Element(
            symbol: "N",
            name: "Nitrogen",
            mass_number: None,
            isotopes: {
              14: Isotope(
                relative_mass: "14.00307400443",
                abundance: Some("0.99636"),
              ),
              15: Isotope(
                relative_mass: "15.00010889888",
                abundance: Some("0.00364"),
              ),
            },
          ), 2),
          (Element(
            symbol: "O",
            name: "Oxygen",
            mass_number: None,
            isotopes: {
              16: Isotope(
                relative_mass: "15.99491461957",
                abundance: Some("0.99757"),
              ),
              17: Isotope(
                relative_mass: "16.99913175650",
                abundance: Some("0.00038"),
              ),
              18: Isotope(
                relative_mass: "17.99915961286",
                abundance: Some("0.00205"),
              ),
            },
          ), 2),
        ],
        particle_offset: None,
      ),
      functional_groups: [
        FunctionalGroup(
          name: "Amino",
          location: "N-Terminal",
        ),
        FunctionalGroup(
          name: "Amino",
          location: "Sidechain",
        ),
        FunctionalGroup(
          name: "Carboxyl",
          location: "C-Terminal",
        ),
      ],
    ),
    "C": ResidueDescription(
      name: "Cysteine",
      composition: ChemicalComposition(
        chemical_formula: [
          (Element(
            symbol: "C",
            name: "Carbon",
            mass_number: None,
            isotopes: {
              12: Isotope(
                relative_mass: "12.0000000",
                abundance: Some("0.9893"),
              ),
              13: Isotope(
                relative_mass: "13.00335483507",
                abundance: Some("0.0107"),
              ),
              14: Isotope(
                relative_mass: "14.0032419884",
                abundance: None,
              ),
            },
          ), 3),
          (Element(
            symbol: "H",
            name: "Hydrogen",
            mass_number: None,
            isotopes: {
              1: Isotope(
                relative_mass: "1.00782503223",
                abundance: Some("0.999885"),
              ),
              2: Isotope(
                relative_mass: "2.01410177812",
                abundance: Some("0.000115"),
              ),
              3: Isotope(
                relative_mass: "3.0160492779",
                abundance: None,
              ),
            },
          ), 7),
          (Element(
            symbol: "N",
            name: "Nitrogen",
            mass_number: None,
            isotopes: {
              14: Isotope(
                relative_mass: "14.00307400443",
                abundance: Some("0.99636"),
              ),
              15: Isotope(
                relative_mass: "15.00010889888",
                abundance: Some("0.00364"),
              ),
            },
          ), 1),
          (Element(
            symbol: "O",
            name: "Oxygen",
            mass_number: None,
            isotopes: {
              16: Isotope(
                relative_mass: "15.99491461957",
                abundance: Some("0.99757"),
              ),
              17: Isotope(
                relative_mass: "16.99913175650",
                abundance: Some("0.00038"),
              ),
              18: Isotope(
                relative_mass: "17.99915961286",
                abundance: Some("0.00205"),
              ),
            },
          ), 2),
          (Element(
            symbol: "S",
            name: "Sulfur",
            mass_number: None,
            isotopes: {
              32: Isotope(
                relative_mass: "31.9720711744",
                abundance: Some("0.9499"),
              ),
              33: Isotope(
                relative_mass: "32.9714589098",
                abundance: Some("0.0075"),
              ),
              34: Isotope(
                relative_mass: "33.967867004",
                abundance: Some("0.0425"),
              ),
              36: Isotope(
                relative_mass: "35.96708071",
                abundance: Some("0.0001"),
              ),
            },
          ), 1),
        ],
        particle_offset: None,
      ),
      functional_groups: [
        FunctionalGroup(
          name: "Amino",
          location: "N-Terminal",
        ),
        FunctionalGroup(
          name: "Carboxyl",
          location: "C-Terminal",
        ),
      ],
    ),
    "D": ResidueDescription(
      name: "Aspartic Acid",
      composition: ChemicalComposition(
        chemical_formula: [
          (Element(
            symbol: "C",
            name: "Carbon",
            mass_number: None,
            isotopes: {
              12: Isotope(
                relative_mass: "12.0000000",
                abundance: Some("0.9893"),
              ),
              13: Isotope(
                relative_mass: "13.00335483507",
                abundance: Some("0.0107"),
              ),
              14: Isotope(
                relative_mass: "14.0032419884",
                abundance: None,
              ),
            },
          ), 4),
          (Element(
            symbol: "H",
            name: "Hydrogen",
            mass_number: None,
            isotopes: {
              1: Isotope(
                relative_mass: "1.00782503223",
                abundance: Some("0.999885"),
              ),
              2: Isotope(
                relative_mass: "2.01410177812",
                abundance: Some("0.000115"),
              ),
              3: Isotope(
                relative_mass: "3.0160492779",
                abundance: None,
              ),
            },
          ), 7),
          (Element(
            symbol: "N",
            name: "Nitrogen",
            mass_number: None,
            isotopes: {
              14: Isotope(
                relative_mass: "14.00307400443",
                abundance: Some("0.99636"),
              ),
              15: Isotope(
                relative_mass: "15.00010889888",
                abundance: Some("0.00364"),
              ),
            },
          ), 1),
          (Element(
            symbol: "O",
            name: "Oxygen",
            mass_number: None,
            isotopes: {
              16: Isotope(
                relative_mass: "15.99491461957",
                abundance: Some("0.99757"),
              ),
              17: Isotope(
                relative_mass: "16.99913175650",
                abundance: Some("0.00038"),
              ),
              18: Isotope(
                relative_mass: "17.99915961286",
                abundance: Some("0.00205"),
              ),
            },
          ), 4),
        ],
        particle_offset: None,
      ),
      functional_groups: [
        FunctionalGroup(
          name: "Amino",
          location: "N-Terminal",
        ),
        FunctionalGroup(
          name: "Carboxyl",
          location: "C-Terminal",
        ),
        FunctionalGroup(
          name: "Carboxyl",
          location: "Sidechain",
        ),
      ],
    ),
    "E": ResidueDescription(
      name: "Glutamic Acid",
      composition: ChemicalComposition(
        chemical_formula: [
          (Element(
            symbol: "C",
            name: "Carbon",
            mass_number: None,
            isotopes: {
              12: Isotope(
                relative_mass: "12.0000000",
                abundance: Some("0.9893"),
              ),
              13: Isotope(
                relative_mass: "13.00335483507",
                abundance: Some("0.0107"),
              ),
              14: Isotope(
                relative_mass: "14.0032419884",
                abundance: None,
              ),
            },
          ), 5),
          (Element(
            symbol: "H",
            name: "Hydrogen",
            mass_number: None,
            isotopes: {
              1: Isotope(
                relative_mass: "1.00782503223",
                abundance: Some("0.999885"),
              ),
              2: Isotope(
                relative_mass: "2.01410177812",
                abundance: Some("0.000115"),
              ),
              3: Isotope(
                relative_mass: "3.0160492779",
                abundance: None,
              ),
            },
          ), 9),
          (Element(
            symbol: "N",
            name: "Nitrogen",
            mass_number: None,
            isotopes: {
              14: Isotope(
                relative_mass: "14.00307400443",
                abundance: Some("0.99636"),
              ),
              15: Isotope(
                relative_mass: "15.00010889888",
                abundance: Some("0.00364"),
              ),
            },
          ), 1),
          (Element(
            symbol: "O",
            name: "Oxygen",
            mass_number: None,
            isotopes: {
              16: Isotope(
                relative_mass: "15.99491461957",
                abundance: Some("0.99757"),
              ),
              17: Isotope(
                relative_mass: "16.99913175650",
                abundance: Some("0.00038"),
              ),
              18: Isotope(
                relative_mass: "17.99915961286",
                abundance: Some("0.00205"),
              ),
            },
          ), 4),
        ],
        particle_offset: None,
      ),
      functional_groups: [
        FunctionalGroup(
          name: "Amino",
          location: "N-Terminal",
        ),
        FunctionalGroup(
          name: "Carboxyl",
          location: "C-Terminal",
        ),
        FunctionalGroup(
          name: "Carboxyl",
          location: "Sidechain",
        ),
      ],
    ),
    "F": ResidueDescription(
      name: "Phenylalanine",
      composition: ChemicalComposition(
        chemical_formula: [
          (Element(
            symbol: "C",
            name: "Carbon",
            mass_number: None,
            isotopes: {
              12: Isotope(
                relative_mass: "12.0000000",
                abundance: Some("0.9893"),
              ),
              13: Isotope(
                relative_mass: "13.00335483507",
                abundance: Some("0.0107"),
              ),
              14: Isotope(
                relative_mass: "14.0032419884",
                abundance: None,
              ),
            },
          ), 9),
          (Element(
            symbol: "H",
            name: "Hydrogen",
            mass_number: None,
            isotopes: {
              1: Isotope(
                relative_mass: "1.00782503223",
                abundance: Some("0.999885"),
              ),
              2: Isotope(
                relative_mass: "2.01410177812",
                abundance: Some("0.000115"),
              ),
              3: Isotope(
                relative_mass: "3.0160492779",
                abundance: None,
              ),
            },
          ), 11),
          (Element(
            symbol: "N",
            name: "Nitrogen",
            mass_number: None,
            isotopes: {
              14: Isotope(
                relative_mass: "14.00307400443",
                abundance: Some("0.99636"),
              ),
              15: Isotope(
                relative_mass: "15.00010889888",
                abundance: Some("0.00364"),
              ),
            },
          ), 1),
          (Element(
            symbol: "O",
            name: "Oxygen",
            mass_number: None,
            isotopes: {
              16: Isotope(
                relative_mass: "15.99491461957",
                abundance: Some("0.99757"),
              ),
              17: Isotope(
                relative_mass: "16.99913175650",
                abundance: Some("0.00038"),
              ),
              18: Isotope(
                relative_mass: "17.99915961286",
                abundance: Some("0.00205"),
              ),
            },
          ), 2),
        ],
        particle_offset: None,
      ),
      functional_groups: [
        FunctionalGroup(
          name: "Amino",
          location: "N-Terminal",
        ),
        FunctionalGroup(
          name: "Carboxyl",
          location: "C-Terminal",
        ),
      ],
    ),
    "G": ResidueDescription(
      name: "Glycine",
      composition: ChemicalComposition(
        chemical_formula: [
          (Element(
            symbol: "C",
            name: "Carbon",
            mass_number: None,
            isotopes: {
              12: Isotope(
                relative_mass: "12.0000000",
                abundance: Some("0.9893"),
              ),
              13: Isotope(
                relative_mass: "13.00335483507",
                abundance: Some("0.0107"),
              ),
              14: Isotope(
                relative_mass: "14.0032419884",
                abundance: None,
              ),
            },
          ), 2),
          (Element(
            symbol: "H",
            name: "Hydrogen",
            mass_number: None,
            isotopes: {
              1: Isotope(
                relative_mass: "1.00782503223",
                abundance: Some("0.999885"),
              ),
              2: Isotope(
                relative_mass: "2.01410177812",
                abundance: Some("0.000115"),
              ),
              3: Isotope(
                relative_mass: "3.0160492779",
                abundance: None,
              ),
            },
          ), 5),
          (Element(
            symbol: "N",
            name: "Nitrogen",
            mass_number: None,
            isotopes: {
              14: Isotope(
                relative_mass: "14.00307400443",
                abundance: Some("0.99636"),
              ),
              15: Isotope(
                relative_mass: "15.00010889888",
                abundance: Some("0.00364"),
              ),
            },
          ), 1),
          (Element(
            symbol: "O",
            name: "Oxygen",
            mass_number: None,
            isotopes: {
              16: Isotope(
                relative_mass: "15.99491461957",
                abundance: Some("0.99757"),
              ),
              17: Isotope(
                relative_mass: "16.99913175650",
                abundance: Some("0.00038"),
              ),
              18: Isotope(
                relative_mass: "17.99915961286",
                abundance: Some("0.00205"),
              ),
            },
          ), 2),
        ],
        particle_offset: None,
      ),
      functional_groups: [
        FunctionalGroup(
          name: "Amino",
          location: "N-Terminal",
        ),
        FunctionalGroup(
          name: "Carboxyl",
          location: "C-Terminal",
        ),
      ],
    ),
    "H": ResidueDescription(
      name: "Histidine",
      composition: ChemicalComposition(
        chemical_formula: [
          (Element(
            symbol: "C",
            name: "Carbon",
            mass_number: None,
            isotopes: {
              12: Isotope(
                relative_mass: "12.0000000",
                abundance: Some("0.9893"),
              ),
              13: Isotope(
                relative_mass: "13.00335483507",
                abundance: Some("0.0107"),
              ),
              14: Isotope(
                relative_mass: "14.0032419884",
                abundance: None,
              ),
            },
          ), 6),
          (Element(
            symbol: "H",
            name: "Hydrogen",
            mass_number: None,
            isotopes: {
              1: Isotope(
                relative_mass: "1.00782503223",
                abundance: Some("0.999885"),
              ),
              2: Isotope(
                relative_mass: "2.01410177812",
                abundance: Some("0.000115"),
              ),
              3: Isotope(
                relative_mass: "3.0160492779",
                abundance: None,
              ),
            },
          ), 9),
          (Element(
            symbol: "N",
            name: "Nitrogen",
            mass_number: None,
            isotopes: {
              14: Isotope(
                relative_mass: "14.00307400443",
                abundance: Some("0.99636"),
              ),
              15: Isotope(
                relative_mass: "15.00010889888",
                abundance: Some("0.00364"),
              ),
            },
          ), 3),
          (Element(
            symbol: "O",
            name: "Oxygen",
            mass_number: None,
            isotopes: {
              16: Isotope(
                relative_mass: "15.99491461957",
                abundance: Some("0.99757"),
              ),
              17: Isotope(
                relative_mass: "16.99913175650",
                abundance: Some("0.00038"),
              ),
              18: Isotope(
                relative_mass: "17.99915961286",
                abundance: Some("0.00205"),
              ),
            },
          ), 2),
        ],
        particle_offset: None,
      ),
      functional_groups: [
        FunctionalGroup(
          name: "Amino",
          location: "N-Terminal",
        ),
        FunctionalGroup(
          name: "Carboxyl",
          location: "C-Terminal",
        ),
      ],
    ),
    "I": ResidueDescription(
      name: "Isoleucine",
      composition: ChemicalComposition(
        chemical_formula: [
          (Element(
            symbol: "C",
            name: "Carbon",
            mass_number: None,
            isotopes: {
              12: Isotope(
                relative_mass: "12.0000000",
                abundance: Some("0.9893"),
              ),
              13: Isotope(
                relative_mass: "13.00335483507",
                abundance: Some("0.0107"),
              ),
              14: Isotope(
                relative_mass: "14.0032419884",
                abundance: None,
              ),
            },
          ), 6),
          (Element(
            symbol: "H",
            name: "Hydrogen",
            mass_number: None,
            isotopes: {
              1: Isotope(
                relative_mass: "1.00782503223",
                abundance: Some("0.999885"),
              ),
              2: Isotope(
                relative_mass: "2.01410177812",
                abundance: Some("0.000115"),
              ),
              3: Isotope(
                relative_mass: "3.0160492779",
                abundance: None,
              ),
            },
          ), 13),
          (Element(
            symbol: "N",
            name: "Nitrogen",
            mass_number: None,
            isotopes: {
              14: Isotope(
                relative_mass: "14.00307400443",
                abundance: Some("0.99636"),
              ),
              15: Isotope(
                relative_mass: "15.00010889888",
                abundance: Some("0.00364"),
              ),
            },
          ), 1),
          (Element(
            symbol: "O",
            name: "Oxygen",
            mass_number: None,
            isotopes: {
              16: Isotope(
                relative_mass: "15.99491461957",
                abundance: Some("0.99757"),
              ),
              17: Isotope(
                relative_mass: "16.99913175650",
                abundance: Some("0.00038"),
              ),
              18: Isotope(
                relative_mass: "17.99915961286",
                abundance: Some("0.00205"),
              ),
            },
          ), 2),
        ],
        particle_offset: None,
      ),
      functional_groups: [
        FunctionalGroup(
          name: "Amino",
          location: "N-Terminal",
        ),
        FunctionalGroup(
          name: "Carboxyl",
          location: "C-Terminal",
        ),
      ],
    ),
    "J": ResidueDescription(
      name: "Diaminopimelic Acid",
      composition: ChemicalComposition(
        chemical_formula: [
          (Element(
            symbol: "C",
            name: "Carbon",
            mass_number: None,
            isotopes: {
              12: Isotope(
                relative_mass: "12.0000000",
                abundance: Some("0.9893"),
              ),
              13: Isotope(
                relative_mass: "13.00335483507",
                abundance: Some("0.0107"),
              ),
              14: Isotope(
                relative_mass: "14.0032419884",
                abundance: None,
              ),
            },
          ), 7),
          (Element(
            symbol: "H",
            name: "Hydrogen",
            mass_number: None,
            isotopes: {
              1: Isotope(
                relative_mass: "1.00782503223",
                abundance: Some("0.999885"),
              ),
              2: Isotope(
                relative_mass: "2.01410177812",
                abundance: Some("0.000115"),
              ),
              3: Isotope(
                relative_mass: "3.0160492779",
                abundance: None,
              ),
            },
          ), 14),
          (Element(
            symbol: "N",
            name: "Nitrogen",
            mass_number: None,
            isotopes: {
              14: Isotope(
                relative_mass: "14.00307400443",
                abundance: Some("0.99636"),
              ),
              15: Isotope(
                relative_mass: "15.00010889888",
                abundance: Some("0.00364"),
              ),
            },
          ), 2),
          (Element(
            symbol: "O",
            name: "Oxygen",
            mass_number: None,
            isotopes: {
              16: Isotope(
                relative_mass: "15.99491461957",
                abundance: Some("0.99757"),
              ),
              17: Isotope(
                relative_mass: "16.99913175650",
                abundance: Some("0.00038"),
              ),
              18: Isotope(
                relative_mass: "17.99915961286",
                abundance: Some("0.00205"),
              ),
            },
          ), 4),
        ],
        particle_offset: None,
      ),
      functional_groups: [
        FunctionalGroup(
          name: "Amino",
          location: "N-Terminal",
        ),
        FunctionalGroup(
          name: "Amino",
          location: "Sidechain",
        ),
        FunctionalGroup(
          name: "Carboxyl",
          location: "C-Terminal",
        ),
        FunctionalGroup(
          name: "Carboxyl",
          location: "Sidechain",
        ),
      ],
    ),
    "K": ResidueDescription(
      name: "Lysine",
      composition: ChemicalComposition(
        chemical_formula: [
          (Element(
            symbol: "C",
            name: "Carbon",
            mass_number: None,
            isotopes: {
              12: Isotope(
                relative_mass: "12.0000000",
                abundance: Some("0.9893"),
              ),
              13: Isotope(
                relative_mass: "13.00335483507",
                abundance: Some("0.0107"),
              ),
              14: Isotope(
                relative_mass: "14.0032419884",
                abundance: None,
              ),
            },
          ), 6),
          (Element(
            symbol: "H",
            name: "Hydrogen",
            mass_number: None,
            isotopes: {
              1: Isotope(
                relative_mass: "1.00782503223",
                abundance: Some("0.999885"),
              ),
              2: Isotope(
                relative_mass: "2.01410177812",
                abundance: Some("0.000115"),
              ),
              3: Isotope(
                relative_mass: "3.0160492779",
                abundance: None,
              ),
            },
          ), 14),
          (Element(
            symbol: "N",
            name: "Nitrogen",
            mass_number: None,
            isotopes: {
              14: Isotope(
                relative_mass: "14.00307400443",
                abundance: Some("0.99636"),
              ),
              15: Isotope(
                relative_mass: "15.00010889888",
                abundance: Some("0.00364"),
              ),
            },
          ), 2),
          (Element(
            symbol: "O",
            name: "Oxygen",
            mass_number: None,
            isotopes: {
              16: Isotope(
                relative_mass: "15.99491461957",
                abundance: Some("0.99757"),
              ),
              17: Isotope(
                relative_mass: "16.99913175650",
                abundance: Some("0.00038"),
              ),
              18: Isotope(
                relative_mass: "17.99915961286",
                abundance: Some("0.00205"),
              ),
            },
          ), 2),
        ],
        particle_offset: None,
      ),
      functional_groups: [
        FunctionalGroup(
          name: "Amino",
          location: "N-Terminal",
        ),
        FunctionalGroup(
          name: "Amino",
          location: "Sidechain",
        ),
        FunctionalGroup(
          name: "Carboxyl",
          location: "C-Terminal",
        ),
      ],
    ),
    "L": ResidueDescription(
      name: "Leucine",
      composition: ChemicalComposition(
        chemical_formula: [
          (Element(
            symbol: "C",
            name: "Carbon",
            mass_number: None,
            isotopes: {
              12: Isotope(
                relative_mass: "12.0000000",
                abundance: Some("0.9893"),
              ),
              13: Isotope(
                relative_mass: "13.00335483507",
                abundance: Some("0.0107"),
              ),
              14: Isotope(
                relative_mass: "14.0032419884",
                abundance: None,
              ),
            },
          ), 6),
          (Element(
            symbol: "H",
            name: "Hydrogen",
            mass_number: None,
            isotopes: {
              1: Isotope(
                relative_mass: "1.00782503223",
                abundance: Some("0.999885"),
              ),
              2: Isotope(
                relative_mass: "2.01410177812",
                abundance: Some("0.000115"),
              ),
              3: Isotope(
                relative_mass: "3.0160492779",
                abundance: None,
              ),
            },
          ), 13),
          (Element(
            symbol: "N",
            name: "Nitrogen",
            mass_number: None,
            isotopes: {
              14: Isotope(
                relative_mass: "14.00307400443",
                abundance: Some("0.99636"),
              ),
              15: Isotope(
                relative_mass: "15.00010889888",
                abundance: Some("0.00364"),
              ),
            },
          ), 1),
          (Element(
            symbol: "O",
            name: "Oxygen",
            mass_number: None,
            isotopes: {
              16: Isotope(
                relative_mass: "15.99491461957",
                abundance: Some("0.99757"),
              ),
              17: Isotope(
                relative_mass: "16.99913175650",
                abundance: Some("0.00038"),
              ),
              18: Isotope(
                relative_mass: "17.99915961286",
                abundance: Some("0.00205"),
              ),
            },
          ), 2),
        ],
        particle_offset: None,
      ),
      functional_groups: [
        FunctionalGroup(
          name: "Amino",
          location: "N-Terminal",
        ),
        FunctionalGroup(
          name: "Carboxyl",
          location: "C-Terminal",
        ),
      ],
    ),
    "M": ResidueDescription(
      name: "Methionine",
      composition: ChemicalComposition(
        chemical_formula: [
          (Element(
            symbol: "C",
            name: "Carbon",
            mass_number: None,
            isotopes: {
              12: Isotope(
                relative_mass: "12.0000000",
                abundance: Some("0.9893"),
              ),
              13: Isotope(
                relative_mass: "13.00335483507",
                abundance: Some("0.0107"),
              ),
              14: Isotope(
                relative_mass: "14.0032419884",
                abundance: None,
              ),
            },
          ), 5),
          (Element(
            symbol: "H",
            name: "Hydrogen",
            mass_number: None,
            isotopes: {
              1: Isotope(
                relative_mass: "1.00782503223",
                abundance: Some("0.999885"),
              ),
              2: Isotope(
                relative_mass: "2.01410177812",
                abundance: Some("0.000115"),
              ),
              3: Isotope(
                relative_mass: "3.0160492779",
                abundance: None,
              ),
            },
          ), 11),
          (Element(
            symbol: "N",
            name: "Nitrogen",
            mass_number: None,
            isotopes: {
              14: Isotope(
                relative_mass: "14.00307400443",
                abundance: Some("0.99636"),
              ),
              15: Isotope(
                relative_mass: "15.00010889888",
                abundance: Some("0.00364"),
              ),
            },
          ), 1),
          (Element(
            symbol: "O",
            name: "Oxygen",
            mass_number: None,
            isotopes: {
              16: Isotope(
                relative_mass: "15.99491461957",
                abundance: Some("0.99757"),
              ),
              17: Isotope(
                relative_mass: "16.99913175650",
                abundance: Some("0.00038"),
              ),
              18: Isotope(
                relative_mass: "17.99915961286",
                abundance: Some("0.00205"),
              ),
            },
          ), 2),
          (Element(
            symbol: "S",
            name: "Sulfur",
            mass_number: None,
            isotopes: {
              32: Isotope(
                relative_mass: "31.9720711744",
                abundance: Some("0.9499"),
              ),
              33: Isotope(
                relative_mass: "32.9714589098",
                abundance: Some("0.0075"),
              ),
              34: Isotope(
                relative_mass: "33.967867004",
                abundance: Some("0.0425"),
              ),
              36: Isotope(
                relative_mass: "35.96708071",
                abundance: Some("0.0001"),
              ),
            },
          ), 1),
        ],
        particle_offset: None,
      ),
      functional_groups: [
        FunctionalGroup(
          name: "Amino",
          location: "N-Terminal",
        ),
        FunctionalGroup(
          name: "Carboxyl",
          location: "C-Terminal",
        ),
      ],
    ),
    "N": ResidueDescription(
      name: "Asparagine",
      composition: ChemicalComposition(
        chemical_formula: [
          (Element(
            symbol: "C",
            name: "Carbon",
            mass_number: None,
            isotopes: {
              12: Isotope(
                relative_mass: "12.0000000",
                abundance: Some("0.9893"),
              ),
              13: Isotope(
                relative_mass: "13.00335483507",
                abundance: Some("0.0107"),
              ),
              14: Isotope(
                relative_mass: "14.0032419884",
                abundance: None,
              ),
            },
          ), 4),
          (Element(
            symbol: "H",
            name: "Hydrogen",
            mass_number: None,
            isotopes: {
              1: Isotope(
                relative_mass: "1.00782503223",
                abundance: Some("0.999885"),
              ),
              2: Isotope(
                relative_mass: "2.01410177812",
                abundance: Some("0.000115"),
              ),
              3: Isotope(
                relative_mass: "3.0160492779",
                abundance: None,
              ),
            },
          ), 8),
          (Element(
            symbol: "N",
            name: "Nitrogen",
            mass_number: None,
            isotopes: {
              14: Isotope(
                relative_mass: "14.00307400443",
                abundance: Some("0.99636"),
              ),
              15: Isotope(
                relative_mass: "15.00010889888",
                abundance: Some("0.00364"),
              ),
            },
          ), 2),
          (Element(
            symbol: "O",
            name: "Oxygen",
            mass_number: None,
            isotopes: {
              16: Isotope(
                relative_mass: "15.99491461957",
                abundance: Some("0.99757"),
              ),
              17: Isotope(
                relative_mass: "16.99913175650",
                abundance: Some("0.00038"),
              ),
              18: Isotope(
                relative_mass: "17.99915961286",
                abundance: Some("0.00205"),
              ),
            },
          ), 3),
        ],
        particle_offset: None,
      ),
      functional_groups: [
        FunctionalGroup(
          name: "Amino",
          location: "N-Terminal",
        ),
        FunctionalGroup(
          name: "Amino",
          location: "Sidechain",
        ),
        FunctionalGroup(
          name: "Carboxyl",
          location: "C-Terminal",
        ),
      ],
    ),
    "O": ResidueDescription(
      name: "Ornithine",
      composition: ChemicalComposition(
        chemical_formula: [
          (Element(
            symbol: "C",
            name: "Carbon",
            mass_number: None,
            isotopes: {
              12: Isotope(
                relative_mass: "12.0000000",
                abundance: Some("0.9893"),
              ),
              13: Isotope(
                relative_mass: "13.00335483507",
                abundance: Some("0.0107"),
              ),
              14: Isotope(
                relative_mass: "14.0032419884",
                abundance: None,
              ),
            },
          ), 5),
          (Element(
            symbol: "H",
            name: "Hydrogen",
            mass_number: None,
            isotopes: {
              1: Isotope(
                relative_mass: "1.00782503223",
                abundance: Some("0.999885"),
              ),
              2: Isotope(
                relative_mass: "2.01410177812",
                abundance: Some("0.000115"),
              ),
              3: Isotope(
                relative_mass: "3.0160492779",
                abundance: None,
              ),
            },
          ), 12),
          (Element(
            symbol: "N",
            name: "Nitrogen",
            mass_number: None,
            isotopes: {
              14: Isotope(
                relative_mass: "14.00307400443",
                abundance: Some("0.99636"),
              ),
              15: Isotope(
                relative_mass: "15.00010889888",
                abundance: Some("0.00364"),
              ),
            },
          ), 2),
          (Element(
            symbol: "O",
            name: "Oxygen",
            mass_number: None,
            isotopes: {
              16: Isotope(
                relative_mass: "15.99491461957",
                abundance: Some("0.99757"),
              ),
              17: Isotope(
                relative_mass: "16.99913175650",
                abundance: Some("0.00038"),
              ),
              18: Isotope(
                relative_mass: "17.99915961286",
                abundance: Some("0.00205"),
              ),
            },
          ), 2),
        ],
        particle_offset: None,
      ),
      functional_groups: [
        FunctionalGroup(
          name: "Amino",
          location: "N-Terminal",
        ),
        FunctionalGroup(
          name: "Amino",
          location: "Sidechain",
        ),
        FunctionalGroup(
          name: "Carboxyl",
          location: "C-Terminal",
        ),
      ],
    ),
    "P": ResidueDescription(
      name: "Proline",
      composition: ChemicalComposition(
        chemical_formula: [
          (Element(
            symbol: "C",
            name: "Carbon",
            mass_number: None,
            isotopes: {
              12: Isotope(
                relative_mass: "12.0000000",
                abundance: Some("0.9893"),
              ),
              13: Isotope(
                relative_mass: "13.00335483507",
                abundance: Some("0.0107"),
              ),
              14: Isotope(
                relative_mass: "14.0032419884",
                abundance: None,
              ),
            },
          ), 5),
          (Element(
            symbol: "H",
            name: "Hydrogen",
            mass_number: None,
            isotopes: {
              1: Isotope(
                relative_mass: "1.00782503223",
                abundance: Some("0.999885"),
              ),
              2: Isotope(
                relative_mass: "2.01410177812",
                abundance: Some("0.000115"),
              ),
              3: Isotope(
                relative_mass: "3.0160492779",
                abundance: None,
              ),
            },
          ), 9),
          (Element(
            symbol: "N",
            name: "Nitrogen",
            mass_number: None,
            isotopes: {
              14: Isotope(
                relative_mass: "14.00307400443",
                abundance: Some("0.99636"),
              ),
              15: Isotope(
                relative_mass: "15.00010889888",
                abundance: Some("0.00364"),
              ),
            },
          ), 1),
          (Element(
            symbol: "O",
            name: "Oxygen",
            mass_number: None,
            isotopes: {
              16: Isotope(
                relative_mass: "15.99491461957",
                abundance: Some("0.99757"),
              ),
              17: Isotope(
                relative_mass: "16.99913175650",
                abundance: Some("0.00038"),
              ),
              18: Isotope(
                relative_mass: "17.99915961286",
                abundance: Some("0.00205"),
              ),
            },
          ), 2),
        ],
        particle_offset: None,
      ),
      functional_groups: [
        FunctionalGroup(
          name: "Amino",
          location: "N-Terminal",
        ),
        FunctionalGroup(
          name: "Carboxyl",
          location: "C-Terminal",
        ),
      ],
    ),
    "Q": ResidueDescription(
      name: "Glutamine",
      composition: ChemicalComposition(
        chemical_formula: [
          (Element(
            symbol: "C",
            name: "Carbon",
            mass_number: None,
            isotopes: {
              12: Isotope(
                relative_mass: "12.0000000",
                abundance: Some("0.9893"),
              ),
              13: Isotope(
                relative_mass: "13.00335483507",
                abundance: Some("0.0107"),
              ),
              14: Isotope(
                relative_mass: "14.0032419884",
                abundance: None,
              ),
            },
          ), 5),
          (Element(
            symbol: "H",
            name: "Hydrogen",
            mass_number: None,
            isotopes: {
              1: Isotope(
                relative_mass: "1.00782503223",
                abundance: Some("0.999885"),
              ),
              2: Isotope(
                relative_mass: "2.01410177812",
                abundance: Some("0.000115"),
              ),
              3: Isotope(
                relative_mass: "3.0160492779",
                abundance: None,
              ),
            },
          ), 10),
          (Element(
            symbol: "N",
            name: "Nitrogen",
            mass_number: None,
            isotopes: {
              14: Isotope(
                relative_mass: "14.00307400443",
                abundance: Some("0.99636"),
              ),
              15: Isotope(
                relative_mass: "15.00010889888",
                abundance: Some("0.00364"),
              ),
            },
          ), 2),
          (Element(
            symbol: "O",
            name: "Oxygen",
            mass_number: None,
            isotopes: {
              16: Isotope(
                relative_mass: "15.99491461957",
                abundance: Some("0.99757"),
              ),
              17: Isotope(
                relative_mass: "16.99913175650",
                abundance: Some("0.00038"),
              ),
              18: Isotope(
                relative_mass: "17.99915961286",
                abundance: Some("0.00205"),
              ),
            },
          ), 3),
        ],
        particle_offset: None,
      ),
      functional_groups: [
        FunctionalGroup(
          name: "Amino",
          location: "N-Terminal",
        ),
        FunctionalGroup(
          name: "Amino",
          location: "Sidechain",
        ),
        FunctionalGroup(
          name: "Carboxyl",
          location: "C-Terminal",
        ),
      ],
    ),
    "R": ResidueDescription(
      name: "Arginine",
      composition: ChemicalComposition(
        chemical_formula: [
          (Element(
            symbol: "C",
            name: "Carbon",
            mass_number: None,
            isotopes: {
              12: Isotope(
                relative_mass: "12.0000000",
                abundance: Some("0.9893"),
              ),
              13: Isotope(
                relative_mass: "13.00335483507",
                abundance: Some("0.0107"),
              ),
              14: Isotope(
                relative_mass: "14.0032419884",
                abundance: None,
              ),
            },
          ), 6),
          (Element(
            symbol: "H",
            name: "Hydrogen",
            mass_number: None,
            isotopes: {
              1: Isotope(
                relative_mass: "1.00782503223",
                abundance: Some("0.999885"),
              ),
              2: Isotope(
                relative_mass: "2.01410177812",
                abundance: Some("0.000115"),
              ),
              3: Isotope(
                relative_mass: "3.0160492779",
                abundance: None,
              ),
            },
          ), 14),
          (Element(
            symbol: "N",
            name: "Nitrogen",
            mass_number: None,
            isotopes: {
              14: Isotope(
                relative_mass: "14.00307400443",
                abundance: Some("0.99636"),
              ),
              15: Isotope(
                relative_mass: "15.00010889888",
                abundance: Some("0.00364"),
              ),
            },
          ), 4),
          (Element(
            symbol: "O",
            name: "Oxygen",
            mass_number: None,
            isotopes: {
              16: Isotope(
                relative_mass: "15.99491461957",
                abundance: Some("0.99757"),
              ),
              17: Isotope(
                relative_mass: "16.99913175650",
                abundance: Some("0.00038"),
              ),
              18: Isotope(
                relative_mass: "17.99915961286",
                abundance: Some("0.00205"),
              ),
            },
          ), 2),
        ],
        particle_offset: None,
      ),
      functional_groups: [
        FunctionalGroup(
          name: "Amino",
          location: "N-Terminal",
        ),
        FunctionalGroup(
          name: "Carboxyl",
          location: "C-Terminal",
        ),
      ],
    ),
    "S": ResidueDescription(
      name: "Serine",
      composition: ChemicalComposition(
        chemical_formula: [
          (Element(
            symbol: "C",
            name: "Carbon",
            mass_number: None,
            isotopes: {
              12: Isotope(
                relative_mass: "12.0000000",
                abundance: Some("0.9893"),
              ),
              13: Isotope(
                relative_mass: "13.00335483507",
                abundance: Some("0.0107"),
              ),
              14: Isotope(
                relative_mass: "14.0032419884",
                abundance: None,
              ),
            },
          ), 3),
          (Element(
            symbol: "H",
            name: "Hydrogen",
            mass_number: None,
            isotopes: {
              1: Isotope(
                relative_mass: "1.00782503223",
                abundance: Some("0.999885"),
              ),
              2: Isotope(
                relative_mass: "2.01410177812",
                abundance: Some("0.000115"),
              ),
              3: Isotope(
                relative_mass: "3.0160492779",
                abundance: None,
              ),
            },
          ), 7),
          (Element(
            symbol: "N",
            name: "Nitrogen",
            mass_number: None,
            isotopes: {
              14: Isotope(
                relative_mass: "14.00307400443",
                abundance: Some("0.99636"),
              ),
              15: Isotope(
                relative_mass: "15.00010889888",
                abundance: Some("0.00364"),
              ),
            },
          ), 1),
          (Element(
            symbol: "O",
            name: "Oxygen",
            mass_number: None,
            isotopes: {
              16: Isotope(
                relative_mass: "15.99491461957",
                abundance: Some("0.99757"),
              ),
              17: Isotope(
                relative_mass: "16.99913175650",
                abundance: Some("0.00038"),
              ),
              18: Isotope(
                relative_mass: "17.99915961286",
                abundance: Some("0.00205"),
              ),
            },
          ), 3),
        ],
        particle_offset: None,
      ),
      functional_groups: [
        FunctionalGroup(
          name: "Amino",
          location: "N-Terminal",
        ),
        FunctionalGroup(
          name: "Carboxyl",
          location: "C-Terminal",
        ),
      ],
    ),
    "T": ResidueDescription(
      name: "Threonine",
      composition: ChemicalComposition(
        chemical_formula: [
          (Element(
            symbol: "C",
            name: "Carbon",
            mass_number: None,
            isotopes: {
              12: Isotope(
                relative_mass: "12.0000000",
                abundance: Some("0.9893"),
              ),
              13: Isotope(
                relative_mass: "13.00335483507",
                abundance: Some("0.0107"),
              ),
              14: Isotope(
                relative_mass: "14.0032419884",
                abundance: None,
              ),
            },
          ), 4),
          (Element(
            symbol: "H",
            name: "Hydrogen",
            mass_number: None,
            isotopes: {
              1: Isotope(
                relative_mass: "1.00782503223",
                abundance: Some("0.999885"),
              ),
              2: Isotope(
                relative_mass: "2.01410177812",
                abundance: Some("0.000115"),
              ),
              3: Isotope(
                relative_mass: "3.0160492779",
                abundance: None,
              ),
            },
          ), 9),
          (Element(
            symbol: "N",
            name: "Nitrogen",
            mass_number: None,
            isotopes: {
              14: Isotope(
                relative_mass: "14.00307400443",
                abundance: Some("0.99636"),
              ),
              15: Isotope(
                relative_mass: "15.00010889888",
                abundance: Some("0.00364"),
              ),
            },
          ), 1),
          (Element(
            symbol: "O",
            name: "Oxygen",
            mass_number: None,
            isotopes: {
              16: Isotope(
                relative_mass: "15.99491461957",
                abundance: Some("0.99757"),
              ),
              17: Isotope(
                relative_mass: "16.99913175650",
                abundance: Some("0.00038"),
              ),
              18: Isotope(
                relative_mass: "17.99915961286",
                abundance: Some("0.00205"),
              ),
            },
          ), 3),
        ],
        particle_offset: None,
      ),
      functional_groups: [
        FunctionalGroup(
          name: "Amino",
          location: "N-Terminal",
        ),
        FunctionalGroup(
          name: "Carboxyl",
          location: "C-Terminal",
        ),
      ],
    ),
    "U": ResidueDescription(
      name: "Homoserine",
      composition: ChemicalComposition(
        chemical_formula: [
          (Element(
            symbol: "C",
            name: "Carbon",
            mass_number: None,
            isotopes: {
              12: Isotope(
                relative_mass: "12.0000000",
                abundance: Some("0.9893"),
              ),
              13: Isotope(
                relative_mass: "13.00335483507",
                abundance: Some("0.0107"),
              ),
              14: Isotope(
                relative_mass: "14.0032419884",
                abundance: None,
              ),
            },
          ), 4),
          (Element(
            symbol: "H",
            name: "Hydrogen",
            mass_number: None,
            isotopes: {
              1: Isotope(
                relative_mass: "1.00782503223",
                abundance: Some("0.999885"),
              ),
              2: Isotope(
                relative_mass: "2.01410177812",
                abundance: Some("0.000115"),
              ),
              3: Isotope(
                relative_mass: "3.0160492779",
                abundance: None,
              ),
            },
          ), 9),
          (Element(
            symbol: "N",
            name: "Nitrogen",
            mass_number: None,
            isotopes: {
              14: Isotope(
                relative_mass: "14.00307400443",
                abundance: Some("0.99636"),
              ),
              15: Isotope(
                relative_mass: "15.00010889888",
                abundance: Some("0.00364"),
              ),
            },
          ), 1),
          (Element(
            symbol: "O",
            name: "Oxygen",
            mass_number: None,
            isotopes: {
              16: Isotope(
                relative_mass: "15.99491461957",
                abundance: Some("0.99757"),
              ),
              17: Isotope(
                relative_mass: "16.99913175650",
                abundance: Some("0.00038"),
              ),
              18: Isotope(
                relative_mass: "17.99915961286",
                abundance: Some("0.00205"),
              ),
            },
          ), 3),
        ],
        particle_offset: None,
      ),
      functional_groups: [
        FunctionalGroup(
          name: "Amino",
          location: "N-Terminal",
        ),
        FunctionalGroup(
          name: "Carboxyl",
          location: "C-Terminal",
        ),
      ],
    ),
    "V": ResidueDescription(
      name: "Valine",
      composition: ChemicalComposition(
        chemical_formula: [
          (Element(
            symbol: "C",
            name: "Carbon",
            mass_number: None,
            isotopes: {
              12: Isotope(
                relative_mass: "12.0000000",
                abundance: Some("0.9893"),
              ),
              13: Isotope(
                relative_mass: "13.00335483507",
                abundance: Some("0.0107"),
              ),
              14: Isotope(
                relative_mass: "14.0032419884",
                abundance: None,
              ),
            },
          ), 5),
          (Element(
            symbol: "H",
            name: "Hydrogen",
            mass_number: None,
            isotopes: {
              1: Isotope(
                relative_mass: "1.00782503223",
                abundance: Some("0.999885"),
              ),
              2: Isotope(
                relative_mass: "2.01410177812",
                abundance: Some("0.000115"),
              ),
              3: Isotope(
                relative_mass: "3.0160492779",
                abundance: None,
              ),
            },
          ), 11),
          (Element(
            symbol: "N",
            name: "Nitrogen",
            mass_number: None,
            isotopes: {
              14: Isotope(
                relative_mass: "14.00307400443",
                abundance: Some("0.99636"),
              ),
              15: Isotope(
                relative_mass: "15.00010889888",
                abundance: Some("0.00364"),
              ),
            },
          ), 1),
          (Element(
            symbol: "O",
            name: "Oxygen",
            mass_number: None,
            isotopes: {
              16: Isotope(
                relative_mass: "15.99491461957",
                abundance: Some("0.99757"),
              ),
              17: Isotope(
                relative_mass: "16.99913175650",
                abundance: Some("0.00038"),
              ),
              18: Isotope(
                relative_mass: "17.99915961286",
                abundance: Some("0.00205"),
              ),
            },
          ), 2),
        ],
        particle_offset: None,
      ),
      functional_groups: [
        FunctionalGroup(
          name: "Amino",
          location: "N-Terminal",
        ),
        FunctionalGroup(
          name: "Carboxyl",
          location: "C-Terminal",
        ),
      ],
    ),
    "W": ResidueDescription(
      name: "Tryptophan",
      composition: ChemicalComposition(
        chemical_formula: [
          (Element(
            symbol: "C",
            name: "Carbon",
            mass_number: None,
            isotopes: {
              12: Isotope(
                relative_mass: "12.0000000",
                abundance: Some("0.9893"),
              ),
              13: Isotope(
                relative_mass: "13.00335483507",
                abundance: Some("0.0107"),
              ),
              14: Isotope(
                relative_mass: "14.0032419884",
                abundance: None,
              ),
            },
          ), 11),
          (Element(
            symbol: "H",
            name: "Hydrogen",
            mass_number: None,
            isotopes: {
              1: Isotope(
                relative_mass: "1.00782503223",
                abundance: Some("0.999885"),
              ),
              2: Isotope(
                relative_mass: "2.01410177812",
                abundance: Some("0.000115"),
              ),
              3: Isotope(
                relative_mass: "3.0160492779",
                abundance: None,
              ),
            },
          ), 12),
          (Element(
            symbol: "N",
            name: "Nitrogen",
            mass_number: None,
            isotopes: {
              14: Isotope(
                relative_mass: "14.00307400443",
                abundance: Some("0.99636"),
              ),
              15: Isotope(
                relative_mass: "15.00010889888",
                abundance: Some("0.00364"),
              ),
            },
          ), 2),
          (Element(
            symbol: "O",
            name: "Oxygen",
            mass_number: None,
            isotopes: {
              16: Isotope(
                relative_mass: "15.99491461957",
                abundance: Some("0.99757"),
              ),
              17: Isotope(
                relative_mass: "16.99913175650",
                abundance: Some("0.00038"),
              ),
              18: Isotope(
                relative_mass: "17.99915961286",
                abundance: Some("0.00205"),
              ),
            },
          ), 2),
        ],
        particle_offset: None,
      ),
      functional_groups: [
        FunctionalGroup(
          name: "Amino",
          location: "N-Terminal",
        ),
        FunctionalGroup(
          name: "Carboxyl",
          location: "C-Terminal",
        ),
      ],
    ),
    "X": ResidueDescription(
      name: "Unknown Amino Acid",
      composition: ChemicalComposition(
        chemical_formula: [],
        particle_offset: None,
      ),
      functional_groups: [
        FunctionalGroup(
          name: "Amino",
          location: "N-Terminal",
        ),
        FunctionalGroup(
          name: "Carboxyl",
          location: "C-Terminal",
        ),
      ],
    ),
    "Y": ResidueDescription(
      name: "Tyrosine",
      composition: ChemicalComposition(
        chemical_formula: [
          (Element(
            symbol: "C",
            name: "Carbon",
            mass_number: None,
            isotopes: {
              12: Isotope(
                relative_mass: "12.0000000",
                abundance: Some("0.9893"),
              ),
              13: Isotope(
                relative_mass: "13.00335483507",
                abundance: Some("0.0107"),
              ),
              14: Isotope(
                relative_mass: "14.0032419884",
                abundance: None,
              ),
            },
          ), 9),
          (Element(
            symbol: "H",
            name: "Hydrogen",
            mass_number: None,
            isotopes: {
              1: Isotope(
                relative_mass: "1.00782503223",
                abundance: Some("0.999885"),
              ),
              2: Isotope(
                relative_mass: "2.01410177812",
                abundance: Some("0.000115"),
              ),
              3: Isotope(
                relative_mass: "3.0160492779",
                abundance: None,
              ),
            },
          ), 11),
          (Element(
            symbol: "N",
            name: "Nitrogen",
            mass_number: None,
            isotopes: {
              14: Isotope(
                relative_mass: "14.00307400443",
                abundance: Some("0.99636"),
              ),
              15: Isotope(
                relative_mass: "15.00010889888",
                abundance: Some("0.00364"),
              ),
            },
          ), 1),
          (Element(
            symbol: "O",
            name: "Oxygen",
            mass_number: None,
            isotopes: {
              16: Isotope(
                relative_mass: "15.99491461957",
                abundance: Some("0.99757"),
              ),
              17: Isotope(
                relative_mass: "16.99913175650",
                abundance: Some("0.00038"),
              ),
              18: Isotope(
                relative_mass: "17.99915961286",
                abundance: Some("0.00205"),
              ),
            },
          ), 3),
        ],
        particle_offset: None,
      ),
      functional_groups: [
        FunctionalGroup(
          name: "Amino",
          location: "N-Terminal",
        ),
        FunctionalGroup(
          name: "Carboxyl",
          location: "C-Terminal",
        ),
      ],
    ),
    "Z": ResidueDescription(
      name: "Threo-3-Hydroxyglutamic Acid",
      composition: ChemicalComposition(
        chemical_formula: [
          (Element(
            symbol: "C",
            name: "Carbon",
            mass_number: None,
            isotopes: {
              12: Isotope(
                relative_mass: "12.0000000",
                abundance: Some("0.9893"),
              ),
              13: Isotope(
                relative_mass: "13.00335483507",
                abundance: Some("0.0107"),
              ),
              14: Isotope(
                relative_mass: "14.0032419884",
                abundance: None,
              ),
            },
          ), 5),
          (Element(
            symbol: "H",
            name: "Hydrogen",
            mass_number: None,
            isotopes: {
              1: Isotope(
                relative_mass: "1.00782503223",
                abundance: Some("0.999885"),
              ),
              2: Isotope(
                relative_mass: "2.01410177812",
                abundance: Some("0.000115"),
              ),
              3: Isotope(
                relative_mass: "3.0160492779",
                abundance: None,
              ),
            },
          ), 9),
          (Element(
            symbol: "N",
            name: "Nitrogen",
            mass_number: None,
            isotopes: {
              14: Isotope(
                relative_mass: "14.00307400443",
                abundance: Some("0.99636"),
              ),
              15: Isotope(
                relative_mass: "15.00010889888",
                abundance: Some("0.00364"),
              ),
            },
          ), 1),
          (Element(
            symbol: "O",
            name: "Oxygen",
            mass_number: None,
            isotopes: {
              16: Isotope(
                relative_mass: "15.99491461957",
                abundance: Some("0.99757"),
              ),
              17: Isotope(
                relative_mass: "16.99913175650",
                abundance: Some("0.00038"),
              ),
              18: Isotope(
                relative_mass: "17.99915961286",
                abundance: Some("0.00205"),
              ),
            },
          ), 5),
        ],
        particle_offset: None,
      ),
      functional_groups: [
        FunctionalGroup(
          name: "Amino",
          location: "N-Terminal",
        ),
        FunctionalGroup(
          name: "Carboxyl",
          location: "C-Terminal",
        ),
      ],
    ),
    "g": ResidueDescription(
      name: "N-Acetylglucosamine",
      composition: ChemicalComposition(
        chemical_formula: [
          (Element(
            symbol: "C",
            name: "Carbon",
            mass_number: None,
            isotopes: {
              12: Isotope(
                relative_mass: "12.0000000",
                abundance: Some("0.9893"),
              ),
              13: Isotope(
                relative_mass: "13.00335483507",
                abundance: Some("0.0107"),
              ),
              14: Isotope(
                relative_mass: "14.0032419884",
                abundance: None,
              ),
            },
          ), 8),
          (Element(
            symbol: "H",
            name: "Hydrogen",
            mass_number: None,
            isotopes: {
              1: Isotope(
                relative_mass: "1.00782503223",
                abundance: Some("0.999885"),
              ),
              2: Isotope(
                relative_mass: "2.01410177812",
                abundance: Some("0.000115"),
              ),
              3: Isotope(
                relative_mass: "3.0160492779",
                abundance: None,
              ),
            },
          ), 15),
          (Element(
            symbol: "N",
            name: "Nitrogen",
            mass_number: None,
            isotopes: {
              14: Isotope(
                relative_mass: "14.00307400443",
                abundance: Some("0.99636"),
              ),
              15: Isotope(
                relative_mass: "15.00010889888",
                abundance: Some("0.00364"),
              ),
            },
          ), 1),
          (Element(
            symbol: "O",
            name: "Oxygen",
            mass_number: None,
            isotopes: {
              16: Isotope(
                relative_mass: "15.99491461957",
                abundance: Some("0.99757"),
              ),
              17: Isotope(
                relative_mass: "16.99913175650",
                abundance: Some("0.00038"),
              ),
              18: Isotope(
                relative_mass: "17.99915961286",
                abundance: Some("0.00205"),
              ),
            },
          ), 6),
        ],
        particle_offset: None,
      ),
      functional_groups: [
        FunctionalGroup(
          name: "Acetyl",
          location: "Secondary Amide",
        ),
        FunctionalGroup(
          name: "Hydroxyl",
          location: "6-Position",
        ),
        FunctionalGroup(
          name: "Hydroxyl",
          location: "Nonreducing End",
        ),
        FunctionalGroup(
          name: "Hydroxyl",
          location: "Reducing End",
        ),
      ],
    ),
    "m": ResidueDescription(
      name: "N-Acetylmuramic Acid",
      composition: ChemicalComposition(
        chemical_formula: [
          (Element(
            symbol: "C",
            name: "Carbon",
            mass_number: None,
            isotopes: {
              12: Isotope(
                relative_mass: "12.0000000",
                abundance: Some("0.9893"),
              ),
              13: Isotope(
                relative_mass: "13.00335483507",
                abundance: Some("0.0107"),
              ),
              14: Isotope(
                relative_mass: "14.0032419884",
                abundance: None,
              ),
            },
          ), 11),
          (Element(
            symbol: "H",
            name: "Hydrogen",
            mass_number: None,
            isotopes: {
              1: Isotope(
                relative_mass: "1.00782503223",
                abundance: Some("0.999885"),
              ),
              2: Isotope(
                relative_mass: "2.01410177812",
                abundance: Some("0.000115"),
              ),
              3: Isotope(
                relative_mass: "3.0160492779",
                abundance: None,
              ),
            },
          ), 19),
          (Element(
            symbol: "N",
            name: "Nitrogen",
            mass_number: None,
            isotopes: {
              14: Isotope(
                relative_mass: "14.00307400443",
                abundance: Some("0.99636"),
              ),
              15: Isotope(
                relative_mass: "15.00010889888",
                abundance: Some("0.00364"),
              ),
            },
          ), 1),
          (Element(
            symbol: "O",
            name: "Oxygen",
            mass_number: None,
            isotopes: {
              16: Isotope(
                relative_mass: "15.99491461957",
                abundance: Some("0.99757"),
              ),
              17: Isotope(
                relative_mass: "16.99913175650",
                abundance: Some("0.00038"),
              ),
              18: Isotope(
                relative_mass: "17.99915961286",
                abundance: Some("0.00205"),
              ),
            },
          ), 8),
        ],
        particle_offset: None,
      ),
      functional_groups: [
        FunctionalGroup(
          name: "Acetyl",
          location: "Secondary Amide",
        ),
        FunctionalGroup(
          name: "Carboxyl",
          location: "Lactyl Ether",
        ),
        FunctionalGroup(
          name: "Hydroxyl",
          location: "6-Position",
        ),
        FunctionalGroup(
          name: "Hydroxyl",
          location: "Nonreducing End",
        ),
        FunctionalGroup(
          name: "Hydroxyl",
          location: "Reducing End",
        ),
      ],
    ),
  },
)
