---
source: crates/muropeptide/src/smiles_database.rs
expression: smiles
---
gm: O[C@H]([C@H](O1)CO)[C@H](O)[C@@H](NC(=O)C)[C@@H]1%10.O%10[C@H]([C@H](O)CO)[C@H](O[C@H](C)C(O)=O)[C@@H](NC(=O)C)CO
gmgm: O[C@H]([C@H](O1)CO)[C@H](O)[C@@H](NC(=O)C)[C@@H]1%10.O%10[C@H]([C@H](O1)CO)[C@H](O[C@H](C)C(O)=O)[C@@H](NC(=O)C)[C@@H]1%11.O%11[C@H]([C@H](O1)CO)[C@H](O)[C@@H](NC(=O)C)[C@@H]1%10.O%10[C@H]([C@H](O)CO)[C@H](O[C@H](C)C(O)=O)[C@@H](NC(=O)C)CO
AEJA: N[C@@H](C)C%20=O.N%20[C@@H](C(O)=O)CCC%21=O.N%21[C@@H](CCC[C@@H](N)C(O)=O)C%20=O.N%20[C@H](C)C(O)=O
gm-AEJA: O[C@H]([C@H](O1)CO)[C@H](O)[C@@H](NC(=O)C)[C@@H]1%10.O%10[C@H]([C@H](O)CO)[C@H](O[C@H](C)C%20=O)[C@@H](NC(=O)C)CO.N%20[C@@H](C)C%20=O.N%20[C@@H](C(O)=O)CCC%21=O.N%21[C@@H](CCC[C@@H](N)C(O)=O)C%20=O.N%20[C@H](C)C(O)=O
gmgm-A: O[C@H]([C@H](O1)CO)[C@H](O)[C@@H](NC(=O)C)[C@@H]1%10.O%10[C@H]([C@H](O1)CO)[C@H](O[C@H](C)C(O)=O)[C@@H](NC(=O)C)[C@@H]1%11.O%11[C@H]([C@H](O1)CO)[C@H](O)[C@@H](NC(=O)C)[C@@H]1%10.O%10[C@H]([C@H](O)CO)[C@H](O[C@H](C)C%20=O)[C@@H](NC(=O)C)CO.N%20[C@@H](C)C(O)=O
gm-AQKAA: O[C@H]([C@H](O1)CO)[C@H](O)[C@@H](NC(=O)C)[C@@H]1%10.O%10[C@H]([C@H](O)CO)[C@H](O[C@H](C)C%20=O)[C@@H](NC(=O)C)CO.N%20[C@@H](C)C%20=O.N%20[C@@H](C(=O)N)CCC%21=O.N%21[C@@H](CCCCN)C%20=O.N%20[C@H](C)C%21=O.N%21[C@H](C)C(O)=O
gm-AQK[AA]AA: O[C@H]([C@H](O1)CO)[C@H](O)[C@@H](NC(=O)C)[C@@H]1%10.O%10[C@H]([C@H](O)CO)[C@H](O[C@H](C)C%20=O)[C@@H](NC(=O)C)CO.N%20[C@@H](C)C%20=O.N%20[C@@H](C(=O)N)CCC%21=O.N%21[C@@H](CCCCN%32)C%20=O.N%22[C@@H](C)C%32=O.N[C@@H](C)C%22=O.N%20[C@H](C)C%21=O.N%21[C@H](C)C(O)=O
gm-AQ[GG]K[AA]AA: O[C@H]([C@H](O1)CO)[C@H](O)[C@@H](NC(=O)C)[C@@H]1%10.O%10[C@H]([C@H](O)CO)[C@H](O[C@H](C)C%20=O)[C@@H](NC(=O)C)CO.N%20[C@@H](C)C%20=O.N%20[C@@H](C(=O)N%32)CCC%21=O.N%22CC%32=O.NCC%22=O.N%21[C@@H](CCCCN%32)C%20=O.N%22[C@@H](C)C%32=O.N[C@@H](C)C%22=O.N%20[C@H](C)C%21=O.N%21[C@H](C)C(O)=O
gm-AE[A]J[GG]A: O[C@H]([C@H](O1)CO)[C@H](O)[C@@H](NC(=O)C)[C@@H]1%10.O%10[C@H]([C@H](O)CO)[C@H](O[C@H](C)C%20=O)[C@@H](NC(=O)C)CO.N%20[C@@H](C)C%20=O.N%20[C@@H](C%32=O)CCC%21=O.N%32[C@@H](C)C(O)=O.N%21[C@@H](CCC[C@@H](N%32)C(O)=O)C%20=O.N%22CC%32=O.NCC%22=O.N%20[C@H](C)C(O)=O
gm-AEJA~gm-AEJ: O[C@H]([C@H](O1)CO)[C@H](O)[C@@H](NC(=O)C)[C@@H]1%10.O%10[C@H]([C@H](O1)CO)[C@H](O[C@H](C)C%20=O)[C@@H](NC(=O)C)[C@@H]1%10.N%20[C@@H](C)C%20=O.N%20[C@@H](C(O)=O)CCC%21=O.N%21[C@@H](CCC[C@@H](N)C(O)=O)C%20=O.N%20[C@H](C)C(O)=O.O%10[C@H]([C@H](O1)CO)[C@H](O)[C@@H](NC(=O)C)[C@@H]1%10.O%10[C@H]([C@H](O)CO)[C@H](O[C@H](C)C%20=O)[C@@H](NC(=O)C)CO.N%20[C@@H](C)C%20=O.N%20[C@@H](C(O)=O)CCC%21=O.N%21[C@@H](CCC[C@@H](N)C(O)=O)C(O)=O
gm-AEJA=gm-AEJ (4-3): O[C@H]([C@H](O1)CO)[C@H](O)[C@@H](NC(=O)C)[C@@H]1%10.O%10[C@H]([C@H](O)CO)[C@H](O[C@H](C)C%20=O)[C@@H](NC(=O)C)CO.N%20[C@@H](C)C%20=O.N%20[C@@H](C(O)=O)CCC%21=O.N%21[C@@H](CCC[C@@H](N)C(O)=O)C%20=O.N%20[C@H](C)C%40=O.O[C@H]([C@H](O1)CO)[C@H](O)[C@@H](NC(=O)C)[C@@H]1%10.O%10[C@H]([C@H](O)CO)[C@H](O[C@H](C)C%20=O)[C@@H](NC(=O)C)CO.N%20[C@@H](C)C%20=O.N%20[C@@H](C(O)=O)CCC%21=O.N%21[C@@H](CCC[C@@H](N%40)C(O)=O)C(O)=O
gm-AEJ=gm-AEJF (3-3): O[C@H]([C@H](O1)CO)[C@H](O)[C@@H](NC(=O)C)[C@@H]1%10.O%10[C@H]([C@H](O)CO)[C@H](O[C@H](C)C%20=O)[C@@H](NC(=O)C)CO.N%20[C@@H](C)C%20=O.N%20[C@@H](C(O)=O)CCC%21=O.N%21[C@@H](CCC[C@@H](N)C(O)=O)C%40=O.O[C@H]([C@H](O1)CO)[C@H](O)[C@@H](NC(=O)C)[C@@H]1%10.O%10[C@H]([C@H](O)CO)[C@H](O[C@H](C)C%20=O)[C@@H](NC(=O)C)CO.N%20[C@@H](C)C%20=O.N%20[C@@H](C(O)=O)CCC%21=O.N%21[C@@H](CCC[C@@H](N%40)C(O)=O)C%20=O.N%20[C@H](Cc1ccccc1)C(O)=O
gm-AQKA=gm-AQK[GGGGG]AA (4-3): O[C@H]([C@H](O1)CO)[C@H](O)[C@@H](NC(=O)C)[C@@H]1%10.O%10[C@H]([C@H](O)CO)[C@H](O[C@H](C)C%20=O)[C@@H](NC(=O)C)CO.N%20[C@@H](C)C%20=O.N%20[C@@H](C(=O)N)CCC%21=O.N%21[C@@H](CCCCN)C%20=O.N%20[C@H](C)C%40=O.O[C@H]([C@H](O1)CO)[C@H](O)[C@@H](NC(=O)C)[C@@H]1%10.O%10[C@H]([C@H](O)CO)[C@H](O[C@H](C)C%20=O)[C@@H](NC(=O)C)CO.N%20[C@@H](C)C%20=O.N%20[C@@H](C(=O)N)CCC%21=O.N%21[C@@H](CCCCN%32)C%20=O.N%23CC%32=O.N%22CC%23=O.N%23CC%22=O.N%22CC%23=O.N%40CC%22=O.N%20[C@H](C)C%21=O.N%21[C@H](C)C(O)=O
gm-AQK[GGGGG]AA: O[C@H]([C@H](O1)CO)[C@H](O)[C@@H](NC(=O)C)[C@@H]1%10.O%10[C@H]([C@H](O)CO)[C@H](O[C@H](C)C%20=O)[C@@H](NC(=O)C)CO.N%20[C@@H](C)C%20=O.N%20[C@@H](C(=O)N)CCC%21=O.N%21[C@@H](CCCCN%32)C%20=O.N%23CC%32=O.N%22CC%23=O.N%23CC%22=O.N%22CC%23=O.NCC%22=O.N%20[C@H](C)C%21=O.N%21[C@H](C)C(O)=O
g(Ac)m(Anh)-AQK[SSA]A=gm-AQK[SSA]AA (4-3): O[C@H]([C@H](O1)COC(=O)C)[C@H](O)[C@@H](NC(=O)C)[C@@H]1%10.O%10[C@H]([C@H](O1)C2)[C@H](O[C@H](C)C%20=O)[C@@H](NC(=O)C)[C@@H]1O2.N%20[C@@H](C)C%20=O.N%20[C@@H](C(=O)N)CCC%21=O.N%21[C@@H](CCCCN%32)C%20=O.N%23[C@@H](CO)C%32=O.N%22[C@@H](CO)C%23=O.N[C@@H](C)C%22=O.N%20[C@H](C)C%40=O.O[C@H]([C@H](O1)CO)[C@H](O)[C@@H](NC(=O)C)[C@@H]1%10.O%10[C@H]([C@H](O)CO)[C@H](O[C@H](C)C%20=O)[C@@H](NC(=O)C)CO.N%20[C@@H](C)C%20=O.N%20[C@@H](C(=O)N)CCC%21=O.N%21[C@@H](CCCCN%32)C%20=O.N%23[C@@H](CO)C%32=O.N%22[C@@H](CO)C%23=O.N%40[C@@H](C)C%22=O.N%20[C@H](C)C%21=O.N%21[C@H](C)C(O)=O
g: O[C@H]([C@H](O)CO)[C@H](O)[C@@H](NC(=O)C)CO
g(Ac): O[C@H]([C@H](O)COC(=O)C)[C@H](O)[C@@H](NC(=O)C)CO
g(DeAc): O[C@H]([C@H](O)CO)[C@H](O)[C@@H](N)CO
g(Ac, DeAc): O[C@H]([C@H](O)COC(=O)C)[C@H](O)[C@@H](N)CO
g(Poly): O[C@H]([C@H](O)COP(O)(O)=O)[C@H](O)[C@@H](NC(=O)C)CO
g(Poly, DeAc): O[C@H]([C@H](O)COP(O)(O)=O)[C@H](O)[C@@H](N)CO
m(Ac): O[C@H]([C@H](O)COC(=O)C)[C@H](O[C@H](C)C(O)=O)[C@@H](NC(=O)C)CO
m(DeAc): O[C@H]([C@H](O)CO)[C@H](O[C@H](C)C(O)=O)[C@@H](N)CO
m(Ac, DeAc): O[C@H]([C@H](O)COC(=O)C)[C@H](O[C@H](C)C(O)=O)[C@@H](N)CO
m(Poly): O[C@H]([C@H](O)COP(O)(O)=O)[C@H](O[C@H](C)C(O)=O)[C@@H](NC(=O)C)CO
m(Poly, DeAc): O[C@H]([C@H](O)COP(O)(O)=O)[C@H](O[C@H](C)C(O)=O)[C@@H](N)CO
m(Glyc): O[C@H]([C@H](O)CO)[C@H](O[C@H](C)C(O)=O)[C@@H](NC(=O)CO)CO
m(Poly, Glyc): O[C@H]([C@H](O)COP(O)(O)=O)[C@H](O[C@H](C)C(O)=O)[C@@H](NC(=O)CO)CO
m(Anh): O[C@H]([C@H](O1)C2)[C@H](O[C@H](C)C(O)=O)[C@@H](NC(=O)C)[C@@H]1O2
m(Anh, DeAc): O[C@H]([C@H](O1)C2)[C@H](O[C@H](C)C(O)=O)[C@@H](N)[C@@H]1O2
D(Am): N[C@@H](CC(N)=O)C(O)=O
E(Am): N[C@@H](CCC(N)=O)C(O)=O
J(Am): N[C@@H](CCC[C@@H](N)C(N)=O)C(O)=O
