---
source: crates/polychem/src/polymers/polymer_database.rs
description: modifications
expression: out
---
  × error parsing KDL

Error: 
  × expected string scalar, found null
   ╭─[test:4:12]
 3 │     lost "H"
 4 │     gained null
   ·            ──┬─
   ·              ╰── unexpected null
 5 │ }
   ╰────
