---
source: crates/polychem/src/polymers/polymer_database.rs
expression: db
---
PolymerDatabaseKdl {
    bonds: BondsKdl {
        bonds: [
            BondKdl {
                kind: "Glycosidic",
                from: TargetKdl {
                    span: Span(
                        33,
                        67,
                    ),
                    group: "Hydroxyl",
                    location: Some(
                        "Reducing End",
                    ),
                    residue: None,
                },
                to: TargetKdl {
                    span: Span(
                        75,
                        110,
                    ),
                    group: "Hydroxyl",
                    location: Some(
                        "Nonreducing End",
                    ),
                    residue: None,
                },
                lost: Some(
                    Spanned {
                        span: Span(
                            123,
                            128,
                        ),
                        value: "H2O",
                    },
                ),
            },
            BondKdl {
                kind: "Peptide",
                from: TargetKdl {
                    span: Span(
                        157,
                        189,
                    ),
                    group: "Carboxyl",
                    location: Some(
                        "C-Terminal",
                    ),
                    residue: None,
                },
                to: TargetKdl {
                    span: Span(
                        197,
                        224,
                    ),
                    group: "Amino",
                    location: Some(
                        "N-Terminal",
                    ),
                    residue: None,
                },
                lost: Some(
                    Spanned {
                        span: Span(
                            237,
                            242,
                        ),
                        value: "H2O",
                    },
                ),
            },
            BondKdl {
                kind: "Stem",
                from: TargetKdl {
                    span: Span(
                        268,
                        328,
                    ),
                    group: "Carboxyl",
                    location: Some(
                        "Lactyl Ether",
                    ),
                    residue: Some(
                        "N-Acetylmuramic Acid",
                    ),
                },
                to: TargetKdl {
                    span: Span(
                        336,
                        363,
                    ),
                    group: "Amino",
                    location: Some(
                        "N-Terminal",
                    ),
                    residue: None,
                },
                lost: Some(
                    Spanned {
                        span: Span(
                            376,
                            381,
                        ),
                        value: "H2O",
                    },
                ),
            },
            BondKdl {
                kind: "Crosslink",
                from: TargetKdl {
                    span: Span(
                        412,
                        444,
                    ),
                    group: "Carboxyl",
                    location: Some(
                        "C-Terminal",
                    ),
                    residue: None,
                },
                to: TargetKdl {
                    span: Span(
                        452,
                        463,
                    ),
                    group: "Amino",
                    location: None,
                    residue: None,
                },
                lost: Some(
                    Spanned {
                        span: Span(
                            476,
                            481,
                        ),
                        value: "H2O",
                    },
                ),
            },
        ],
    },
    modifications: ModificationsKdl {
        modifications: [
            ModificationKdl {
                abbr: "Am",
                name: "Amidation",
                lost: Some(
                    Spanned {
                        span: Span(
                            585,
                            589,
                        ),
                        value: "OH",
                    },
                ),
                gained: Some(
                    Spanned {
                        span: Span(
                            605,
                            610,
                        ),
                        value: "NH2",
                    },
                ),
                targets: [
                    TargetKdl {
                        span: Span(
                            536,
                            572,
                        ),
                        group: "Carboxyl",
                        location: Some(
                            "Sidechain",
                        ),
                        residue: None,
                    },
                ],
            },
            ModificationKdl {
                abbr: "Ac",
                name: "O-Acetylation",
                lost: Some(
                    Spanned {
                        span: Span(
                            700,
                            703,
                        ),
                        value: "H",
                    },
                ),
                gained: Some(
                    Spanned {
                        span: Span(
                            719,
                            726,
                        ),
                        value: "C2H3O",
                    },
                ),
                targets: [
                    TargetKdl {
                        span: Span(
                            650,
                            687,
                        ),
                        group: "Hydroxyl",
                        location: Some(
                            "6-Position",
                        ),
                        residue: None,
                    },
                ],
            },
            ModificationKdl {
                abbr: "Poly",
                name: "Wall Polymer Linkage",
                lost: Some(
                    Spanned {
                        span: Span(
                            825,
                            828,
                        ),
                        value: "H",
                    },
                ),
                gained: Some(
                    Spanned {
                        span: Span(
                            844,
                            849,
                        ),
                        value: "PO3",
                    },
                ),
                targets: [
                    TargetKdl {
                        span: Span(
                            775,
                            812,
                        ),
                        group: "Hydroxyl",
                        location: Some(
                            "6-Position",
                        ),
                        residue: None,
                    },
                ],
            },
            ModificationKdl {
                abbr: "DeAc",
                name: "De-N-Acetylation",
                lost: Some(
                    Spanned {
                        span: Span(
                            947,
                            954,
                        ),
                        value: "C2H3O",
                    },
                ),
                gained: Some(
                    Spanned {
                        span: Span(
                            970,
                            973,
                        ),
                        value: "H",
                    },
                ),
                targets: [
                    TargetKdl {
                        span: Span(
                            894,
                            934,
                        ),
                        group: "Acetyl",
                        location: Some(
                            "Secondary Amide",
                        ),
                        residue: None,
                    },
                ],
            },
            ModificationKdl {
                abbr: "Red",
                name: "Reduced",
                lost: None,
                gained: Some(
                    Spanned {
                        span: Span(
                            1062,
                            1066,
                        ),
                        value: "H2",
                    },
                ),
                targets: [
                    TargetKdl {
                        span: Span(
                            1008,
                            1047,
                        ),
                        group: "Hydroxyl",
                        location: Some(
                            "Reducing End",
                        ),
                        residue: None,
                    },
                ],
            },
            ModificationKdl {
                abbr: "Anh",
                name: "1,6-Anhydro",
                lost: Some(
                    Spanned {
                        span: Span(
                            1183,
                            1188,
                        ),
                        value: "H2O",
                    },
                ),
                gained: None,
                targets: [
                    TargetKdl {
                        span: Span(
                            1105,
                            1170,
                        ),
                        group: "Hydroxyl",
                        location: Some(
                            "Reducing End",
                        ),
                        residue: Some(
                            "N-Acetylmuramic Acid",
                        ),
                    },
                ],
            },
        ],
    },
    residues: ResiduesKdl {
        types: [
            ResidueTypeKdl {
                span: Span(
                    1229,
                    1490,
                ),
                name: "Monosaccharide",
                functional_groups: [
                    FunctionalGroupKdl {
                        span: Span(
                            1258,
                            1304,
                        ),
                        name: "Hydroxyl",
                        location: "Reducing End",
                    },
                    FunctionalGroupKdl {
                        span: Span(
                            1316,
                            1365,
                        ),
                        name: "Hydroxyl",
                        location: "Nonreducing End",
                    },
                    FunctionalGroupKdl {
                        span: Span(
                            1377,
                            1421,
                        ),
                        name: "Hydroxyl",
                        location: "6-Position",
                    },
                    FunctionalGroupKdl {
                        span: Span(
                            1433,
                            1480,
                        ),
                        name: "Acetyl",
                        location: "Secondary Amide",
                    },
                ],
            },
            ResidueTypeKdl {
                span: Span(
                    1499,
                    1630,
                ),
                name: "AminoAcid",
                functional_groups: [
                    FunctionalGroupKdl {
                        span: Span(
                            1523,
                            1564,
                        ),
                        name: "Amino",
                        location: "N-Terminal",
                    },
                    FunctionalGroupKdl {
                        span: Span(
                            1576,
                            1620,
                        ),
                        name: "Carboxyl",
                        location: "C-Terminal",
                    },
                ],
            },
        ],
        residues: [
            ResidueKdl {
                span: Span(
                    1641,
                    1721,
                ),
                residue_type: "Monosaccharide",
                abbr: "g",
                name: "N-Acetylglucosamine",
                composition: Some(
                    Spanned {
                        span: Span(
                            1704,
                            1714,
                        ),
                        value: "C8H15NO6",
                    },
                ),
                functional_groups: [],
            },
            ResidueKdl {
                span: Span(
                    1725,
                    1861,
                ),
                residue_type: "Monosaccharide",
                abbr: "m",
                name: "N-Acetylmuramic Acid",
                composition: Some(
                    Spanned {
                        span: Span(
                            1789,
                            1800,
                        ),
                        value: "C11H19NO8",
                    },
                ),
                functional_groups: [
                    FunctionalGroupKdl {
                        span: Span(
                            1809,
                            1855,
                        ),
                        name: "Carboxyl",
                        location: "Lactyl Ether",
                    },
                ],
            },
            ResidueKdl {
                span: Span(
                    1866,
                    1928,
                ),
                residue_type: "AminoAcid",
                abbr: "A",
                name: "Alanine",
                composition: Some(
                    Spanned {
                        span: Span(
                            1912,
                            1921,
                        ),
                        value: "C3H7NO2",
                    },
                ),
                functional_groups: [],
            },
            ResidueKdl {
                span: Span(
                    1932,
                    2056,
                ),
                residue_type: "AminoAcid",
                abbr: "B",
                name: "Diaminobutyric Acid",
                composition: Some(
                    Spanned {
                        span: Span(
                            1990,
                            2001,
                        ),
                        value: "C4H10N2O2",
                    },
                ),
                functional_groups: [
                    FunctionalGroupKdl {
                        span: Span(
                            2010,
                            2050,
                        ),
                        name: "Amino",
                        location: "Sidechain",
                    },
                ],
            },
            ResidueKdl {
                span: Span(
                    2060,
                    2124,
                ),
                residue_type: "AminoAcid",
                abbr: "C",
                name: "Cysteine",
                composition: Some(
                    Spanned {
                        span: Span(
                            2107,
                            2117,
                        ),
                        value: "C3H7NO2S",
                    },
                ),
                functional_groups: [],
            },
            ResidueKdl {
                span: Span(
                    2128,
                    2247,
                ),
                residue_type: "AminoAcid",
                abbr: "D",
                name: "Aspartic Acid",
                composition: Some(
                    Spanned {
                        span: Span(
                            2180,
                            2189,
                        ),
                        value: "C4H7NO4",
                    },
                ),
                functional_groups: [
                    FunctionalGroupKdl {
                        span: Span(
                            2198,
                            2241,
                        ),
                        name: "Carboxyl",
                        location: "Sidechain",
                    },
                ],
            },
            ResidueKdl {
                span: Span(
                    2251,
                    2370,
                ),
                residue_type: "AminoAcid",
                abbr: "E",
                name: "Glutamic Acid",
                composition: Some(
                    Spanned {
                        span: Span(
                            2303,
                            2312,
                        ),
                        value: "C5H9NO4",
                    },
                ),
                functional_groups: [
                    FunctionalGroupKdl {
                        span: Span(
                            2321,
                            2364,
                        ),
                        name: "Carboxyl",
                        location: "Sidechain",
                    },
                ],
            },
            ResidueKdl {
                span: Span(
                    2374,
                    2443,
                ),
                residue_type: "AminoAcid",
                abbr: "F",
                name: "Phenylalanine",
                composition: Some(
                    Spanned {
                        span: Span(
                            2426,
                            2436,
                        ),
                        value: "C9H11NO2",
                    },
                ),
                functional_groups: [],
            },
            ResidueKdl {
                span: Span(
                    2447,
                    2509,
                ),
                residue_type: "AminoAcid",
                abbr: "G",
                name: "Glycine",
                composition: Some(
                    Spanned {
                        span: Span(
                            2493,
                            2502,
                        ),
                        value: "C2H5NO2",
                    },
                ),
                functional_groups: [],
            },
            ResidueKdl {
                span: Span(
                    2513,
                    2578,
                ),
                residue_type: "AminoAcid",
                abbr: "H",
                name: "Histidine",
                composition: Some(
                    Spanned {
                        span: Span(
                            2561,
                            2571,
                        ),
                        value: "C6H9N3O2",
                    },
                ),
                functional_groups: [],
            },
            ResidueKdl {
                span: Span(
                    2582,
                    2648,
                ),
                residue_type: "AminoAcid",
                abbr: "I",
                name: "Isoleucine",
                composition: Some(
                    Spanned {
                        span: Span(
                            2631,
                            2641,
                        ),
                        value: "C6H13NO2",
                    },
                ),
                functional_groups: [],
            },
            ResidueKdl {
                span: Span(
                    2652,
                    2827,
                ),
                residue_type: "AminoAcid",
                abbr: "J",
                name: "Diaminopimelic Acid",
                composition: Some(
                    Spanned {
                        span: Span(
                            2710,
                            2721,
                        ),
                        value: "C7H14N2O4",
                    },
                ),
                functional_groups: [
                    FunctionalGroupKdl {
                        span: Span(
                            2730,
                            2770,
                        ),
                        name: "Amino",
                        location: "Sidechain",
                    },
                    FunctionalGroupKdl {
                        span: Span(
                            2778,
                            2821,
                        ),
                        name: "Carboxyl",
                        location: "Sidechain",
                    },
                ],
            },
            ResidueKdl {
                span: Span(
                    2831,
                    2942,
                ),
                residue_type: "AminoAcid",
                abbr: "K",
                name: "Lysine",
                composition: Some(
                    Spanned {
                        span: Span(
                            2876,
                            2887,
                        ),
                        value: "C6H14N2O2",
                    },
                ),
                functional_groups: [
                    FunctionalGroupKdl {
                        span: Span(
                            2896,
                            2936,
                        ),
                        name: "Amino",
                        location: "Sidechain",
                    },
                ],
            },
            ResidueKdl {
                span: Span(
                    2946,
                    3009,
                ),
                residue_type: "AminoAcid",
                abbr: "L",
                name: "Leucine",
                composition: Some(
                    Spanned {
                        span: Span(
                            2992,
                            3002,
                        ),
                        value: "C6H13NO2",
                    },
                ),
                functional_groups: [],
            },
            ResidueKdl {
                span: Span(
                    3013,
                    3080,
                ),
                residue_type: "AminoAcid",
                abbr: "M",
                name: "Methionine",
                composition: Some(
                    Spanned {
                        span: Span(
                            3062,
                            3073,
                        ),
                        value: "C5H11NO2S",
                    },
                ),
                functional_groups: [],
            },
            ResidueKdl {
                span: Span(
                    3084,
                    3198,
                ),
                residue_type: "AminoAcid",
                abbr: "N",
                name: "Asparagine",
                composition: Some(
                    Spanned {
                        span: Span(
                            3133,
                            3143,
                        ),
                        value: "C4H8N2O3",
                    },
                ),
                functional_groups: [
                    FunctionalGroupKdl {
                        span: Span(
                            3152,
                            3192,
                        ),
                        name: "Amino",
                        location: "Sidechain",
                    },
                ],
            },
            ResidueKdl {
                span: Span(
                    3202,
                    3316,
                ),
                residue_type: "AminoAcid",
                abbr: "O",
                name: "Ornithine",
                composition: Some(
                    Spanned {
                        span: Span(
                            3250,
                            3261,
                        ),
                        value: "C5H12N2O2",
                    },
                ),
                functional_groups: [
                    FunctionalGroupKdl {
                        span: Span(
                            3270,
                            3310,
                        ),
                        name: "Amino",
                        location: "Sidechain",
                    },
                ],
            },
            ResidueKdl {
                span: Span(
                    3320,
                    3382,
                ),
                residue_type: "AminoAcid",
                abbr: "P",
                name: "Proline",
                composition: Some(
                    Spanned {
                        span: Span(
                            3366,
                            3375,
                        ),
                        value: "C5H9NO2",
                    },
                ),
                functional_groups: [],
            },
            ResidueKdl {
                span: Span(
                    3386,
                    3500,
                ),
                residue_type: "AminoAcid",
                abbr: "Q",
                name: "Glutamine",
                composition: Some(
                    Spanned {
                        span: Span(
                            3434,
                            3445,
                        ),
                        value: "C5H10N2O3",
                    },
                ),
                functional_groups: [
                    FunctionalGroupKdl {
                        span: Span(
                            3454,
                            3494,
                        ),
                        name: "Amino",
                        location: "Sidechain",
                    },
                ],
            },
            ResidueKdl {
                span: Span(
                    3504,
                    3569,
                ),
                residue_type: "AminoAcid",
                abbr: "R",
                name: "Arginine",
                composition: Some(
                    Spanned {
                        span: Span(
                            3551,
                            3562,
                        ),
                        value: "C6H14N4O2",
                    },
                ),
                functional_groups: [],
            },
            ResidueKdl {
                span: Span(
                    3573,
                    3634,
                ),
                residue_type: "AminoAcid",
                abbr: "S",
                name: "Serine",
                composition: Some(
                    Spanned {
                        span: Span(
                            3618,
                            3627,
                        ),
                        value: "C3H7NO3",
                    },
                ),
                functional_groups: [],
            },
            ResidueKdl {
                span: Span(
                    3638,
                    3702,
                ),
                residue_type: "AminoAcid",
                abbr: "T",
                name: "Threonine",
                composition: Some(
                    Spanned {
                        span: Span(
                            3686,
                            3695,
                        ),
                        value: "C4H9NO3",
                    },
                ),
                functional_groups: [],
            },
            ResidueKdl {
                span: Span(
                    3706,
                    3771,
                ),
                residue_type: "AminoAcid",
                abbr: "U",
                name: "Homoserine",
                composition: Some(
                    Spanned {
                        span: Span(
                            3755,
                            3764,
                        ),
                        value: "C4H9NO3",
                    },
                ),
                functional_groups: [],
            },
            ResidueKdl {
                span: Span(
                    3775,
                    3837,
                ),
                residue_type: "AminoAcid",
                abbr: "V",
                name: "Valine",
                composition: Some(
                    Spanned {
                        span: Span(
                            3820,
                            3830,
                        ),
                        value: "C5H11NO2",
                    },
                ),
                functional_groups: [],
            },
            ResidueKdl {
                span: Span(
                    3841,
                    3909,
                ),
                residue_type: "AminoAcid",
                abbr: "W",
                name: "Tryptophan",
                composition: Some(
                    Spanned {
                        span: Span(
                            3890,
                            3902,
                        ),
                        value: "C11H12N2O2",
                    },
                ),
                functional_groups: [],
            },
            ResidueKdl {
                span: Span(
                    3913,
                    3981,
                ),
                residue_type: "AminoAcid",
                abbr: "X",
                name: "Unknown Amino Acid",
                composition: None,
                functional_groups: [],
            },
            ResidueKdl {
                span: Span(
                    3985,
                    4049,
                ),
                residue_type: "AminoAcid",
                abbr: "Y",
                name: "Tyrosine",
                composition: Some(
                    Spanned {
                        span: Span(
                            4032,
                            4042,
                        ),
                        value: "C9H11NO3",
                    },
                ),
                functional_groups: [],
            },
            ResidueKdl {
                span: Span(
                    4053,
                    4136,
                ),
                residue_type: "AminoAcid",
                abbr: "Z",
                name: "Threo-3-Hydroxyglutamic Acid",
                composition: Some(
                    Spanned {
                        span: Span(
                            4120,
                            4129,
                        ),
                        value: "C5H9NO5",
                    },
                ),
                functional_groups: [],
            },
        ],
    },
}
