---
source: crates/polychem/src/polymers/offset_mod.rs
description: water_lost
expression: out
---
  × expected a chemical formula (optionally followed by a '+' or '-' and a
  │ particle offset), or a standalone particle offset
  ├─▶   × expected an element (like Au) or an isotope (like [15N]) optionally
  │     │ followed by a number
  │   
  ╰─▶   × the isotope "O-2" could not be found in the supplied atomic
        │ database, though the following Oxygen isotopes were found: [16,
        │ 17, 18]
        help: double-check for typos, or add a new entry to the atomic
              database
      
   ╭────
 1 │ H[2O] 
   ·  ──┬─
   ·    ╰── isotope not found
   ╰────
