---
source: polychem/src/polymer_chemistry.rs
expression: chemistry
---
PolymerChemistryKdl {
    bonds: BondsKdl {
        bonds: [
            BondKdl {
                name: "Glycosidic",
                from: TargetKdl {
                    functional_group: "Hydroxyl",
                    location: Some(
                        "Reducing End",
                    ),
                    residue: None,
                },
                to: TargetKdl {
                    functional_group: "Hydroxyl",
                    location: Some(
                        "Nonreducing End",
                    ),
                    residue: None,
                },
                lost: Spanned {
                    span: Span(
                        123,
                        128,
                    ),
                    value: "H2O",
                },
            },
            BondKdl {
                name: "Peptide",
                from: TargetKdl {
                    functional_group: "Carboxyl",
                    location: Some(
                        "C-Terminal",
                    ),
                    residue: None,
                },
                to: TargetKdl {
                    functional_group: "Amino",
                    location: Some(
                        "N-Terminal",
                    ),
                    residue: None,
                },
                lost: Spanned {
                    span: Span(
                        237,
                        242,
                    ),
                    value: "H2O",
                },
            },
            BondKdl {
                name: "Stem",
                from: TargetKdl {
                    functional_group: "Carboxyl",
                    location: Some(
                        "Lactyl Ether",
                    ),
                    residue: Some(
                        "N-Acetylmuramic Acid",
                    ),
                },
                to: TargetKdl {
                    functional_group: "Amino",
                    location: Some(
                        "N-Terminal",
                    ),
                    residue: None,
                },
                lost: Spanned {
                    span: Span(
                        376,
                        381,
                    ),
                    value: "H2O",
                },
            },
            BondKdl {
                name: "Crosslink",
                from: TargetKdl {
                    functional_group: "Carboxyl",
                    location: Some(
                        "C-Terminal",
                    ),
                    residue: None,
                },
                to: TargetKdl {
                    functional_group: "Amino",
                    location: None,
                    residue: None,
                },
                lost: Spanned {
                    span: Span(
                        476,
                        481,
                    ),
                    value: "H2O",
                },
            },
        ],
    },
    modifications: ModificationsKdl {
        modifications: [
            ModificationKdl {
                abbr: "Am",
                name: "Amidation",
                lost: Some(
                    Spanned {
                        span: Span(
                            585,
                            589,
                        ),
                        value: "OH",
                    },
                ),
                gained: Some(
                    Spanned {
                        span: Span(
                            605,
                            610,
                        ),
                        value: "NH2",
                    },
                ),
                targets: [
                    TargetKdl {
                        functional_group: "Carboxyl",
                        location: Some(
                            "Sidechain",
                        ),
                        residue: None,
                    },
                ],
            },
            ModificationKdl {
                abbr: "Ac",
                name: "O-Acetylation",
                lost: Some(
                    Spanned {
                        span: Span(
                            701,
                            704,
                        ),
                        value: "H",
                    },
                ),
                gained: Some(
                    Spanned {
                        span: Span(
                            720,
                            727,
                        ),
                        value: "C2H3O",
                    },
                ),
                targets: [
                    TargetKdl {
                        functional_group: "Hydroxyl",
                        location: Some(
                            "6-Position",
                        ),
                        residue: None,
                    },
                ],
            },
            ModificationKdl {
                abbr: "Poly",
                name: "Wall Polymer Linkage",
                lost: Some(
                    Spanned {
                        span: Span(
                            826,
                            829,
                        ),
                        value: "H",
                    },
                ),
                gained: Some(
                    Spanned {
                        span: Span(
                            845,
                            850,
                        ),
                        value: "PO3",
                    },
                ),
                targets: [
                    TargetKdl {
                        functional_group: "Hydroxyl",
                        location: Some(
                            "6-Position",
                        ),
                        residue: None,
                    },
                ],
            },
            ModificationKdl {
                abbr: "DeAc",
                name: "De-N-Acetylation",
                lost: Some(
                    Spanned {
                        span: Span(
                            949,
                            956,
                        ),
                        value: "C2H3O",
                    },
                ),
                gained: Some(
                    Spanned {
                        span: Span(
                            972,
                            975,
                        ),
                        value: "H",
                    },
                ),
                targets: [
                    TargetKdl {
                        functional_group: "Acetyl",
                        location: Some(
                            "Secondary Amide",
                        ),
                        residue: None,
                    },
                ],
            },
            ModificationKdl {
                abbr: "Red",
                name: "Reduced",
                lost: None,
                gained: Some(
                    Spanned {
                        span: Span(
                            1065,
                            1069,
                        ),
                        value: "H2",
                    },
                ),
                targets: [
                    TargetKdl {
                        functional_group: "Hydroxyl",
                        location: Some(
                            "Reducing End",
                        ),
                        residue: None,
                    },
                ],
            },
            ModificationKdl {
                abbr: "Anh",
                name: "1,6-Anhydro",
                lost: Some(
                    Spanned {
                        span: Span(
                            1187,
                            1192,
                        ),
                        value: "H2O",
                    },
                ),
                gained: None,
                targets: [
                    TargetKdl {
                        functional_group: "Hydroxyl",
                        location: Some(
                            "Reducing End",
                        ),
                        residue: Some(
                            "N-Acetylmuramic Acid",
                        ),
                    },
                ],
            },
        ],
    },
    residues: ResiduesKdl {
        types: [
            ResidueTypeKdl {
                name: "Monosaccharide",
                functional_groups: [
                    FunctionalGroupKdl {
                        name: "Hydroxyl",
                        location: "Reducing End",
                    },
                    FunctionalGroupKdl {
                        name: "Hydroxyl",
                        location: "Nonreducing End",
                    },
                    FunctionalGroupKdl {
                        name: "Hydroxyl",
                        location: "6-Position",
                    },
                    FunctionalGroupKdl {
                        name: "Acetyl",
                        location: "Secondary Amide",
                    },
                ],
            },
            ResidueTypeKdl {
                name: "AminoAcid",
                functional_groups: [
                    FunctionalGroupKdl {
                        name: "Amino",
                        location: "N-Terminal",
                    },
                    FunctionalGroupKdl {
                        name: "Carboxyl",
                        location: "C-Terminal",
                    },
                ],
            },
        ],
        residues: [
            ResidueKdl {
                residue_type: "Monosaccharide",
                abbr: "g",
                name: "N-Acetylglucosamine",
                composition: Some(
                    Spanned {
                        span: Span(
                            1708,
                            1718,
                        ),
                        value: "C8H15NO6",
                    },
                ),
                functional_groups: [],
            },
            ResidueKdl {
                residue_type: "Monosaccharide",
                abbr: "m",
                name: "N-Acetylmuramic Acid",
                composition: Some(
                    Spanned {
                        span: Span(
                            1793,
                            1804,
                        ),
                        value: "C11H19NO8",
                    },
                ),
                functional_groups: [
                    FunctionalGroupKdl {
                        name: "Carboxyl",
                        location: "Lactyl Ether",
                    },
                ],
            },
            ResidueKdl {
                residue_type: "AminoAcid",
                abbr: "A",
                name: "Alanine",
                composition: Some(
                    Spanned {
                        span: Span(
                            1916,
                            1925,
                        ),
                        value: "C3H7NO2",
                    },
                ),
                functional_groups: [],
            },
            ResidueKdl {
                residue_type: "AminoAcid",
                abbr: "B",
                name: "Diaminobutyric Acid",
                composition: Some(
                    Spanned {
                        span: Span(
                            1994,
                            2005,
                        ),
                        value: "C4H10N2O2",
                    },
                ),
                functional_groups: [
                    FunctionalGroupKdl {
                        name: "Amino",
                        location: "Sidechain",
                    },
                ],
            },
            ResidueKdl {
                residue_type: "AminoAcid",
                abbr: "C",
                name: "Cysteine",
                composition: Some(
                    Spanned {
                        span: Span(
                            2111,
                            2121,
                        ),
                        value: "C3H7NO2S",
                    },
                ),
                functional_groups: [],
            },
            ResidueKdl {
                residue_type: "AminoAcid",
                abbr: "D",
                name: "Aspartic Acid",
                composition: Some(
                    Spanned {
                        span: Span(
                            2184,
                            2193,
                        ),
                        value: "C4H7NO4",
                    },
                ),
                functional_groups: [
                    FunctionalGroupKdl {
                        name: "Carboxyl",
                        location: "Sidechain",
                    },
                ],
            },
            ResidueKdl {
                residue_type: "AminoAcid",
                abbr: "E",
                name: "Glutamic Acid",
                composition: Some(
                    Spanned {
                        span: Span(
                            2307,
                            2316,
                        ),
                        value: "C5H9NO4",
                    },
                ),
                functional_groups: [
                    FunctionalGroupKdl {
                        name: "Carboxyl",
                        location: "Sidechain",
                    },
                ],
            },
            ResidueKdl {
                residue_type: "AminoAcid",
                abbr: "F",
                name: "Phenylalanine",
                composition: Some(
                    Spanned {
                        span: Span(
                            2430,
                            2440,
                        ),
                        value: "C9H11NO2",
                    },
                ),
                functional_groups: [],
            },
            ResidueKdl {
                residue_type: "AminoAcid",
                abbr: "G",
                name: "Glycine",
                composition: Some(
                    Spanned {
                        span: Span(
                            2497,
                            2506,
                        ),
                        value: "C2H5NO2",
                    },
                ),
                functional_groups: [],
            },
            ResidueKdl {
                residue_type: "AminoAcid",
                abbr: "H",
                name: "Histidine",
                composition: Some(
                    Spanned {
                        span: Span(
                            2565,
                            2575,
                        ),
                        value: "C6H9N3O2",
                    },
                ),
                functional_groups: [],
            },
            ResidueKdl {
                residue_type: "AminoAcid",
                abbr: "I",
                name: "Isoleucine",
                composition: Some(
                    Spanned {
                        span: Span(
                            2635,
                            2645,
                        ),
                        value: "C6H13NO2",
                    },
                ),
                functional_groups: [],
            },
            ResidueKdl {
                residue_type: "AminoAcid",
                abbr: "J",
                name: "Diaminopimelic Acid",
                composition: Some(
                    Spanned {
                        span: Span(
                            2714,
                            2725,
                        ),
                        value: "C7H14N2O4",
                    },
                ),
                functional_groups: [
                    FunctionalGroupKdl {
                        name: "Amino",
                        location: "Sidechain",
                    },
                    FunctionalGroupKdl {
                        name: "Carboxyl",
                        location: "Sidechain",
                    },
                ],
            },
            ResidueKdl {
                residue_type: "AminoAcid",
                abbr: "K",
                name: "Lysine",
                composition: Some(
                    Spanned {
                        span: Span(
                            2880,
                            2891,
                        ),
                        value: "C6H14N2O2",
                    },
                ),
                functional_groups: [
                    FunctionalGroupKdl {
                        name: "Amino",
                        location: "Sidechain",
                    },
                ],
            },
            ResidueKdl {
                residue_type: "AminoAcid",
                abbr: "L",
                name: "Leucine",
                composition: Some(
                    Spanned {
                        span: Span(
                            2996,
                            3006,
                        ),
                        value: "C6H13NO2",
                    },
                ),
                functional_groups: [],
            },
            ResidueKdl {
                residue_type: "AminoAcid",
                abbr: "M",
                name: "Methionine",
                composition: Some(
                    Spanned {
                        span: Span(
                            3066,
                            3077,
                        ),
                        value: "C5H11NO2S",
                    },
                ),
                functional_groups: [],
            },
            ResidueKdl {
                residue_type: "AminoAcid",
                abbr: "N",
                name: "Asparagine",
                composition: Some(
                    Spanned {
                        span: Span(
                            3137,
                            3147,
                        ),
                        value: "C4H8N2O3",
                    },
                ),
                functional_groups: [
                    FunctionalGroupKdl {
                        name: "Amino",
                        location: "Sidechain",
                    },
                ],
            },
            ResidueKdl {
                residue_type: "AminoAcid",
                abbr: "O",
                name: "Ornithine",
                composition: Some(
                    Spanned {
                        span: Span(
                            3254,
                            3265,
                        ),
                        value: "C5H12N2O2",
                    },
                ),
                functional_groups: [
                    FunctionalGroupKdl {
                        name: "Amino",
                        location: "Sidechain",
                    },
                ],
            },
            ResidueKdl {
                residue_type: "AminoAcid",
                abbr: "P",
                name: "Proline",
                composition: Some(
                    Spanned {
                        span: Span(
                            3370,
                            3379,
                        ),
                        value: "C5H9NO2",
                    },
                ),
                functional_groups: [],
            },
            ResidueKdl {
                residue_type: "AminoAcid",
                abbr: "Q",
                name: "Glutamine",
                composition: Some(
                    Spanned {
                        span: Span(
                            3438,
                            3449,
                        ),
                        value: "C5H10N2O3",
                    },
                ),
                functional_groups: [
                    FunctionalGroupKdl {
                        name: "Amino",
                        location: "Sidechain",
                    },
                ],
            },
            ResidueKdl {
                residue_type: "AminoAcid",
                abbr: "R",
                name: "Arginine",
                composition: Some(
                    Spanned {
                        span: Span(
                            3555,
                            3566,
                        ),
                        value: "C6H14N4O2",
                    },
                ),
                functional_groups: [],
            },
            ResidueKdl {
                residue_type: "AminoAcid",
                abbr: "S",
                name: "Serine",
                composition: Some(
                    Spanned {
                        span: Span(
                            3622,
                            3631,
                        ),
                        value: "C3H7NO3",
                    },
                ),
                functional_groups: [],
            },
            ResidueKdl {
                residue_type: "AminoAcid",
                abbr: "T",
                name: "Threonine",
                composition: Some(
                    Spanned {
                        span: Span(
                            3690,
                            3699,
                        ),
                        value: "C4H9NO3",
                    },
                ),
                functional_groups: [],
            },
            ResidueKdl {
                residue_type: "AminoAcid",
                abbr: "U",
                name: "Homoserine",
                composition: Some(
                    Spanned {
                        span: Span(
                            3759,
                            3768,
                        ),
                        value: "C4H9NO3",
                    },
                ),
                functional_groups: [],
            },
            ResidueKdl {
                residue_type: "AminoAcid",
                abbr: "V",
                name: "Valine",
                composition: Some(
                    Spanned {
                        span: Span(
                            3824,
                            3834,
                        ),
                        value: "C5H11NO2",
                    },
                ),
                functional_groups: [],
            },
            ResidueKdl {
                residue_type: "AminoAcid",
                abbr: "W",
                name: "Tryptophan",
                composition: Some(
                    Spanned {
                        span: Span(
                            3894,
                            3906,
                        ),
                        value: "C11H12N2O2",
                    },
                ),
                functional_groups: [],
            },
            ResidueKdl {
                residue_type: "AminoAcid",
                abbr: "X",
                name: "Unknown Amino Acid",
                composition: None,
                functional_groups: [],
            },
            ResidueKdl {
                residue_type: "AminoAcid",
                abbr: "Y",
                name: "Tyrosine",
                composition: Some(
                    Spanned {
                        span: Span(
                            4036,
                            4046,
                        ),
                        value: "C9H11NO3",
                    },
                ),
                functional_groups: [],
            },
            ResidueKdl {
                residue_type: "AminoAcid",
                abbr: "Z",
                name: "Threo-3-Hydroxyglutamic Acid",
                composition: Some(
                    Spanned {
                        span: Span(
                            4124,
                            4133,
                        ),
                        value: "C5H9NO5",
                    },
                ),
                functional_groups: [],
            },
        ],
    },
}
