---
source: polychem/src/composition_parser.rs
description: "chemical_composition(\"NH2[99Tc]O4-8m+2p\")"
expression: out
---
  × expected a chemical formula (optionally followed by a '+' or '-' and a
  │ particle offset), or a standalone particle offset
  ├─▶   × expected a particle (like p or e), optionally preceded by a number
  │   
  ╰─▶   × the particle "m" could not be found in the supplied chemical
      database
        help: double-check for typos, or add a new entry to the chemical
      database
      
   ╭────
 1 │ NH2[99Tc]O4-8m+2p 
   ·              ┬
   ·              ╰── particle not found
   ╰────

