---
source: src/parser.rs
assertion_line: 410
expression: "multimer(\"gm-AEJA=3<3=gm-AEJ=3<4=gm-AQJA\")?"
---
(
    "",
    (
        [
            (
                [
                    (
                        'g',
                        None,
                    ),
                    (
                        'm',
                        None,
                    ),
                ],
                Some(
                    [
                        (
                            'A',
                            None,
                            None,
                        ),
                        (
                            'E',
                            None,
                            None,
                        ),
                        (
                            'J',
                            None,
                            None,
                        ),
                        (
                            'A',
                            None,
                            None,
                        ),
                    ],
                ),
            ),
            (
                [
                    (
                        'g',
                        None,
                    ),
                    (
                        'm',
                        None,
                    ),
                ],
                Some(
                    [
                        (
                            'A',
                            None,
                            None,
                        ),
                        (
                            'E',
                            None,
                            None,
                        ),
                        (
                            'J',
                            None,
                            None,
                        ),
                    ],
                ),
            ),
            (
                [
                    (
                        'g',
                        None,
                    ),
                    (
                        'm',
                        None,
                    ),
                ],
                Some(
                    [
                        (
                            'A',
                            None,
                            None,
                        ),
                        (
                            'Q',
                            None,
                            None,
                        ),
                        (
                            'J',
                            None,
                            None,
                        ),
                        (
                            'A',
                            None,
                            None,
                        ),
                    ],
                ),
            ),
        ],
        [
            Explicit(
                [
                    (
                        3,
                        AcceptsFrom,
                        3,
                    ),
                ],
            ),
            Explicit(
                [
                    (
                        3,
                        AcceptsFrom,
                        4,
                    ),
                ],
            ),
        ],
    ),
)
